glova@glova-linux:~$ sudo su

[sudo] пароль для glova: 

root@glova-linux:/home/glova# lxc storage list

Команда «lxc» не найдена, но может быть установлена с помощью:

snap install lxd            # version 5.15-002fa0f, or

apt  install lxd-installer  # version 1

See 'snap info lxd' for additional versions.

root@glova-linux:/home/glova# apt update

Сущ:1 http://ru.archive.ubuntu.com/ubuntu jammy InRelease

Пол:2 http://ru.archive.ubuntu.com/ubuntu jammy-updates InRelease [119 kB]

Пол:3 http://ru.archive.ubuntu.com/ubuntu jammy-backports InRelease [108 kB]

Пол:4 http://security.ubuntu.com/ubuntu jammy-security InRelease [110 kB]

Пол:5 http://ru.archive.ubuntu.com/ubuntu jammy-updates/main i386 Packages [445 kB]

Пол:6 http://ru.archive.ubuntu.com/ubuntu jammy-updates/main amd64 Packages [799 kB]

Пол:7 http://ru.archive.ubuntu.com/ubuntu jammy-updates/main Translation-en [202 kB]

Пол:8 http://ru.archive.ubuntu.com/ubuntu jammy-updates/main amd64 DEP-11 Metadata [99,6 kB]

Пол:9 http://ru.archive.ubuntu.com/ubuntu jammy-updates/main DEP-11 48x48 Icons [33,0 kB]

Пол:10 http://ru.archive.ubuntu.com/ubuntu jammy-updates/main DEP-11 64x64 Icons [51,3 kB]

Пол:11 http://ru.archive.ubuntu.com/ubuntu jammy-updates/main amd64 c-n-f Metadata [15,4 kB]

Пол:12 http://ru.archive.ubuntu.com/ubuntu jammy-updates/restricted amd64 Packages [580 kB]

Пол:13 http://ru.archive.ubuntu.com/ubuntu jammy-updates/restricted i386 Packages [30,0 kB]

Пол:14 http://ru.archive.ubuntu.com/ubuntu jammy-updates/restricted Translation-en [90,8 kB]

Пол:15 http://ru.archive.ubuntu.com/ubuntu jammy-updates/restricted amd64 c-n-f Metadata [528 B]

Пол:16 http://ru.archive.ubuntu.com/ubuntu jammy-updates/universe i386 Packages [634 kB]

Пол:17 http://ru.archive.ubuntu.com/ubuntu jammy-updates/universe amd64 Packages [945 kB]

Пол:18 http://ru.archive.ubuntu.com/ubuntu jammy-updates/universe Translation-en [203 kB]                                          

Пол:19 http://ru.archive.ubuntu.com/ubuntu jammy-updates/universe amd64 DEP-11 Metadata [274 kB]                                   

Пол:20 http://ru.archive.ubuntu.com/ubuntu jammy-updates/universe DEP-11 48x48 Icons [185 kB]                                      

Пол:21 http://ru.archive.ubuntu.com/ubuntu jammy-updates/universe DEP-11 64x64 Icons [284 kB]                                      

Пол:22 http://ru.archive.ubuntu.com/ubuntu jammy-updates/universe amd64 c-n-f Metadata [20,7 kB]                                   

Пол:23 http://ru.archive.ubuntu.com/ubuntu jammy-updates/multiverse i386 Packages [3 888 B]                                        

Пол:24 http://ru.archive.ubuntu.com/ubuntu jammy-updates/multiverse amd64 Packages [41,6 kB]                                       

Пол:25 http://ru.archive.ubuntu.com/ubuntu jammy-updates/multiverse Translation-en [9 704 B]                                       

Пол:26 http://ru.archive.ubuntu.com/ubuntu jammy-updates/multiverse amd64 DEP-11 Metadata [940 B]                                  

Пол:27 http://ru.archive.ubuntu.com/ubuntu jammy-updates/multiverse amd64 c-n-f Metadata [476 B]                                   

Пол:28 http://ru.archive.ubuntu.com/ubuntu jammy-backports/main i386 Packages [33,7 kB]                                            

Пол:29 http://ru.archive.ubuntu.com/ubuntu jammy-backports/main amd64 Packages [40,9 kB]                                           

Пол:30 http://ru.archive.ubuntu.com/ubuntu jammy-backports/main amd64 DEP-11 Metadata [7 992 B]                                    

Пол:31 http://ru.archive.ubuntu.com/ubuntu jammy-backports/main amd64 c-n-f Metadata [388 B]                                       

Пол:32 http://ru.archive.ubuntu.com/ubuntu jammy-backports/universe i386 Packages [12,8 kB]                                        

Пол:33 http://ru.archive.ubuntu.com/ubuntu jammy-backports/universe amd64 Packages [22,2 kB]                                       

Пол:34 http://ru.archive.ubuntu.com/ubuntu jammy-backports/universe Translation-en [15,4 kB]                                       

Пол:35 http://ru.archive.ubuntu.com/ubuntu jammy-backports/universe amd64 DEP-11 Metadata [15,4 kB]                                

Пол:36 http://ru.archive.ubuntu.com/ubuntu jammy-backports/universe DEP-11 64x64 Icons [22,2 kB]                                   

Пол:37 http://ru.archive.ubuntu.com/ubuntu jammy-backports/universe amd64 c-n-f Metadata [580 B]                                   

Пол:38 http://security.ubuntu.com/ubuntu jammy-security/main amd64 Packages [574 kB]                                               

Пол:39 http://security.ubuntu.com/ubuntu jammy-security/main i386 Packages [266 kB]                                                

Пол:40 http://security.ubuntu.com/ubuntu jammy-security/main Translation-en [140 kB]                                               

Пол:41 http://security.ubuntu.com/ubuntu jammy-security/main amd64 DEP-11 Metadata [41,5 kB]                                       

Пол:42 http://security.ubuntu.com/ubuntu jammy-security/main DEP-11 48x48 Icons [13,8 kB]                                          

Пол:43 http://security.ubuntu.com/ubuntu jammy-security/main DEP-11 64x64 Icons [22,7 kB]                                          

Пол:44 http://security.ubuntu.com/ubuntu jammy-security/main amd64 c-n-f Metadata [11,0 kB]                                        

Пол:45 http://security.ubuntu.com/ubuntu jammy-security/restricted i386 Packages [29,7 kB]                                         

Пол:46 http://security.ubuntu.com/ubuntu jammy-security/restricted amd64 Packages [560 kB]                                         

Пол:47 http://security.ubuntu.com/ubuntu jammy-security/restricted Translation-en [87,4 kB]                                        

Пол:48 http://security.ubuntu.com/ubuntu jammy-security/restricted amd64 c-n-f Metadata [532 B]                                    

Пол:49 http://security.ubuntu.com/ubuntu jammy-security/universe amd64 Packages [750 kB]                                           

Пол:50 http://security.ubuntu.com/ubuntu jammy-security/universe i386 Packages [540 kB]                                            

Пол:51 http://security.ubuntu.com/ubuntu jammy-security/universe Translation-en [134 kB]                                           

Пол:52 http://security.ubuntu.com/ubuntu jammy-security/universe amd64 DEP-11 Metadata [22,0 kB]                                   

Пол:53 http://security.ubuntu.com/ubuntu jammy-security/universe DEP-11 48x48 Icons [19,7 kB]                                      

Пол:54 http://security.ubuntu.com/ubuntu jammy-security/universe DEP-11 64x64 Icons [31,7 kB]                                      

Пол:55 http://security.ubuntu.com/ubuntu jammy-security/universe amd64 c-n-f Metadata [15,8 kB]                                    

Пол:56 http://security.ubuntu.com/ubuntu jammy-security/multiverse amd64 Packages [36,5 kB]                                        

Пол:57 http://security.ubuntu.com/ubuntu jammy-security/multiverse i386 Packages [1 032 B]                                         

Пол:58 http://security.ubuntu.com/ubuntu jammy-security/multiverse Translation-en [7 060 B]                                        

Пол:59 http://security.ubuntu.com/ubuntu jammy-security/multiverse amd64 c-n-f Metadata [260 B]                                    

Получено 8 762 kB за 10с (852 kB/s)                                                                                                

Чтение списков пакетов… Готово

Построение дерева зависимостей… Готово

Чтение информации о состоянии… Готово         

Может быть обновлено 264 пакета. Запустите «apt list --upgradable» для их показа.

root@glova-linux:/home/glova# apt  install lxd-installer

Чтение списков пакетов… Готово

Построение дерева зависимостей… Готово

Чтение информации о состоянии… Готово         

Следующие НОВЫЕ пакеты будут установлены:

  lxd-installer

Обновлено 0 пакетов, установлено 1 новых пакетов, для удаления отмечено 0 пакетов, и 264 пакетов не обновлено.

Необходимо скачать 3 108 B архивов.

После данной операции объём занятого дискового пространства возрастёт на 22,5 kB.

Пол:1 http://ru.archive.ubuntu.com/ubuntu jammy/main amd64 lxd-installer all 1 [3 108 B]

Получено 3 108 B за 0с (21,7 kB/s)

Выбор ранее не выбранного пакета lxd-installer.

(Чтение базы данных … на данный момент установлено 190193 файла и каталога.)

Подготовка к распаковке …/lxd-installer_1_all.deb …

Распаковывается lxd-installer (1) …

Настраивается пакет lxd-installer (1) …

Created symlink /etc/systemd/system/multi-user.target.wants/lxd-installer.socket → /lib/systemd/system/lxd-installer.socket.

root@glova-linux:/home/glova# lxc storage list

If this is your first time running LXD on this machine, you should also run: lxd init

To start your first container, try: lxc launch ubuntu:22.04

Or for a virtual machine: lxc launch ubuntu:22.04 --vm



+------+--------+--------+-------------+---------+-------+

| NAME | DRIVER | SOURCE | DESCRIPTION | USED BY | STATE |

+------+--------+--------+-------------+---------+-------+

root@glova-linux:/home/glova# unshare --fork --pid --mount-proc bash

root@glova-linux:/home/glova# ps aux

USER         PID %CPU %MEM    VSZ   RSS TTY      STAT START   TIME COMMAND

root           1  0.1  0.2  18888  4104 pts/1    S    11:26   0:00 bash

root           8  0.0  0.1  21356  3464 pts/1    R+   11:26   0:00 ps aux

root@glova-linux:/home/glova# free -m

               total        used        free      shared  buff/cache   available

Память:       1975        1041         130          16         803         761

Подкачка:       2089         184        1905

root@glova-linux:/home/glova# cgcreate -a $USER -g memory:mytestgroup -g cpu:mytestgroup

Команда «cgcreate» не найдена, но может быть установлена с помощью:

apt install cgroup-tools

root@glova-linux:/home/glova# apt update

Failed to connect to bus: Нет доступных данных

Сущ:1 http://ru.archive.ubuntu.com/ubuntu jammy InRelease

Сущ:2 http://ru.archive.ubuntu.com/ubuntu jammy-updates InRelease

Сущ:3 http://ru.archive.ubuntu.com/ubuntu jammy-backports InRelease

Пол:4 http://security.ubuntu.com/ubuntu jammy-security InRelease [110 kB]

Получено 110 kB за 2с (63,8 kB/s)         

Чтение списков пакетов… Готово

Построение дерева зависимостей… Готово

Чтение информации о состоянии… Готово         

Может быть обновлено 264 пакета. Запустите «apt list --upgradable» для их показа.

root@glova-linux:/home/glova# apt install cgroup-tools

Чтение списков пакетов… Готово

Построение дерева зависимостей… Готово

Чтение информации о состоянии… Готово         

Будут установлены следующие дополнительные пакеты:

  libcgroup1

Следующие НОВЫЕ пакеты будут установлены:

  cgroup-tools libcgroup1

Обновлено 0 пакетов, установлено 2 новых пакетов, для удаления отмечено 0 пакетов, и 264 пакетов не обновлено.

Необходимо скачать 121 kB архивов.

После данной операции объём занятого дискового пространства возрастёт на 435 kB.

Хотите продолжить? [Д/н] y

Пол:1 http://ru.archive.ubuntu.com/ubuntu jammy/universe amd64 libcgroup1 amd64 2.0-2 [49,8 kB]

Пол:2 http://ru.archive.ubuntu.com/ubuntu jammy/universe amd64 cgroup-tools amd64 2.0-2 [70,8 kB]

Получено 121 kB за 0с (511 kB/s)           

Выбор ранее не выбранного пакета libcgroup1:amd64.

(Чтение базы данных … на данный момент установлено 190202 файла и каталога.)

Подготовка к распаковке …/libcgroup1_2.0-2_amd64.deb …

Распаковывается libcgroup1:amd64 (2.0-2) …

Выбор ранее не выбранного пакета cgroup-tools.

Подготовка к распаковке …/cgroup-tools_2.0-2_amd64.deb …

Распаковывается cgroup-tools (2.0-2) …

Настраивается пакет libcgroup1:amd64 (2.0-2) …

Настраивается пакет cgroup-tools (2.0-2) …

Обрабатываются триггеры для libc-bin (2.35-0ubuntu3.1) …

Обрабатываются триггеры для man-db (2.10.2-1) …

root@glova-linux:/home/glova# cgcreate -a $USER -g memory:mytestgroup -g cpu:mytestgroup

root@glova-linux:/home/glova# ls /sys/fs/cgrop/mytestgroup/

ls: невозможно получить доступ к '/sys/fs/cgrop/mytestgroup/': Нет такого файла или каталога

root@glova-linux:/home/glova# ls /sys/fs/cgroup/mytestgroup/

cgroup.controllers      cpu.idle               cpu.uclamp.min       memory.high          memory.swap.events

cgroup.events           cpu.max                cpu.weight           memory.low           memory.swap.high

cgroup.freeze           cpu.max.burst          cpu.weight.nice      memory.max           memory.swap.max

cgroup.kill             cpu.pressure           io.max               memory.min           memory.zswap.current

cgroup.max.depth        cpuset.cpus            io.pressure          memory.numa_stat     memory.zswap.max

cgroup.max.descendants  cpuset.cpus.effective  io.prio.class        memory.oom.group     pids.current

cgroup.procs            cpuset.cpus.partition  io.stat              memory.peak          pids.events

cgroup.stat             cpuset.mems            io.weight            memory.pressure      pids.max

cgroup.subtree_control  cpuset.mems.effective  memory.current       memory.reclaim

cgroup.threads          cpu.stat               memory.events        memory.stat

cgroup.type             cpu.uclamp.max         memory.events.local  memory.swap.current

root@glova-linux:/home/glova# cd /sys/fs/cgroup/mytestgroup/

root@glova-linux:/sys/fs/cgroup/mytestgroup# cat memory.max

max

root@glova-linux:/sys/fs/cgroup/mytestgroup# cgexec -g memory:mytestgroup bash

root@glova-linux:/sys/fs/cgroup/mytestgroup# cat memory.max

max

root@glova-linux:/sys/fs/cgroup/mytestgroup# ls

cgroup.controllers      cpu.idle               cpu.uclamp.min       memory.high          memory.swap.events

cgroup.events           cpu.max                cpu.weight           memory.low           memory.swap.high

cgroup.freeze           cpu.max.burst          cpu.weight.nice      memory.max           memory.swap.max

cgroup.kill             cpu.pressure           io.max               memory.min           memory.zswap.current

cgroup.max.depth        cpuset.cpus            io.pressure          memory.numa_stat     memory.zswap.max

cgroup.max.descendants  cpuset.cpus.effective  io.prio.class        memory.oom.group     pids.current

cgroup.procs            cpuset.cpus.partition  io.stat              memory.peak          pids.events

cgroup.stat             cpuset.mems            io.weight            memory.pressure      pids.max

cgroup.subtree_control  cpuset.mems.effective  memory.current       memory.reclaim

cgroup.threads          cpu.stat               memory.events        memory.stat

cgroup.type             cpu.uclamp.max         memory.events.local  memory.swap.current

root@glova-linux:/sys/fs/cgroup/mytestgroup# free -m

               total        used        free      shared  buff/cache   available

Память:       1975        1007         155          16         812         794

Подкачка:       2089         243        1846

root@glova-linux:/sys/fs/cgroup/mytestgroup# exit

exit

root@glova-linux:/sys/fs/cgroup/mytestgroup# cd ~
root@glova-linux:~# cd /

root@glova-linux:/# cd home/glova/

root@glova-linux:/home/glova# lxc storage list

+------+--------+--------+-------------+---------+-------+

| NAME | DRIVER | SOURCE | DESCRIPTION | USED BY | STATE |

+------+--------+--------+-------------+---------+-------+

root@glova-linux:/home/glova# lxc-create -n test123 -t ubuntu

lxc-create: test123: utils.c: get_template_path: 901 No such file or directory - bad template: ubuntu

lxc-create: test123: lxccontainer.c: __lxcapi_create: 1798 Template "ubuntu" not found

lxc-create: test123: tools/lxc_create.c: main: 317 Failed to create container test123

root@glova-linux:/home/glova# apt-get install lxc lxctl lxc-templates

Чтение списков пакетов… Готово

Построение дерева зависимостей… Готово

Чтение информации о состоянии… Готово         

Будут установлены следующие дополнительные пакеты:

  arch-test cloud-image-utils debootstrap dmeventd fakechroot fakeroot genisoimage ibverbs-providers libboost-iostreams1.74.0

  libboost-thread1.74.0 libdaxctl1 libdevmapper-event1.02.1 libdistro-info-perl libdpkg-perl libfakechroot libfakeroot

  libfile-fcntllock-perl libgfapi0 libgfrpc0 libgfxdr0 libglusterfs0 libibverbs1 libiscsi7 liblinux-lvm-perl liblvm2cmd2.03

  libndctl6 libnet-ssh2-perl libossp-uuid-perl libossp-uuid16 libpmem1 libpmemobj1 librados2 librbd1 librdmacm1

  libterm-readkey-perl liburing2 libyaml-tiny-perl lvm2 mmdebstrap perl-doc qemu-block-extra qemu-utils thin-provisioning-tools

Предлагаемые пакеты:

  mtools squid-deb-proxy-client debian-archive-keyring wodim cdrkit-doc debian-keyring bzr uuid qemu-user-static apt-transport-tor

  binfmt-support dpkg-dev genext2fs proot qemu-user squashfs-tools-ng

Следующие НОВЫЕ пакеты будут установлены:

  arch-test cloud-image-utils debootstrap dmeventd fakechroot fakeroot genisoimage ibverbs-providers libboost-iostreams1.74.0

  libboost-thread1.74.0 libdaxctl1 libdevmapper-event1.02.1 libdistro-info-perl libdpkg-perl libfakechroot libfakeroot

  libfile-fcntllock-perl libgfapi0 libgfrpc0 libgfxdr0 libglusterfs0 libibverbs1 libiscsi7 liblinux-lvm-perl liblvm2cmd2.03

  libndctl6 libnet-ssh2-perl libossp-uuid-perl libossp-uuid16 libpmem1 libpmemobj1 librados2 librbd1 librdmacm1

  libterm-readkey-perl liburing2 libyaml-tiny-perl lvm2 lxc lxc-templates lxctl mmdebstrap perl-doc qemu-block-extra qemu-utils

  thin-provisioning-tools

Обновлено 0 пакетов, установлено 46 новых пакетов, для удаления отмечено 0 пакетов, и 240 пакетов не обновлено.

Необходимо скачать 22,0 MB архивов.

После данной операции объём занятого дискового пространства возрастёт на 77,2 MB.

Хотите продолжить? [Д/н] y

Пол:1 http://ru.archive.ubuntu.com/ubuntu jammy/main amd64 libdevmapper-event1.02.1 amd64 2:1.02.175-2.1ubuntu4 [12,6 kB]

Пол:2 http://ru.archive.ubuntu.com/ubuntu jammy/main amd64 liblvm2cmd2.03 amd64 2.03.11-2.1ubuntu4 [756 kB]

Пол:3 http://ru.archive.ubuntu.com/ubuntu jammy/main amd64 dmeventd amd64 2:1.02.175-2.1ubuntu4 [38,4 kB]

Пол:4 http://ru.archive.ubuntu.com/ubuntu jammy/main amd64 lvm2 amd64 2.03.11-2.1ubuntu4 [1 154 kB]

Пол:5 http://ru.archive.ubuntu.com/ubuntu jammy/universe amd64 arch-test all 0.17-2 [12,5 kB]

Пол:6 http://ru.archive.ubuntu.com/ubuntu jammy/universe amd64 libfakechroot amd64 2.20.1+ds-2 [47,4 kB]

Пол:7 http://ru.archive.ubuntu.com/ubuntu jammy/universe amd64 fakechroot all 2.20.1+ds-2 [25,2 kB]

Пол:8 http://ru.archive.ubuntu.com/ubuntu jammy/main amd64 libfakeroot amd64 1.28-1ubuntu1 [31,5 kB]

Пол:9 http://ru.archive.ubuntu.com/ubuntu jammy/main amd64 fakeroot amd64 1.28-1ubuntu1 [60,4 kB]

Пол:10 http://ru.archive.ubuntu.com/ubuntu jammy/main amd64 genisoimage amd64 9:1.1.11-3.2ubuntu1 [370 kB]

Пол:11 http://ru.archive.ubuntu.com/ubuntu jammy/main amd64 libibverbs1 amd64 39.0-1 [69,3 kB]

Пол:12 http://ru.archive.ubuntu.com/ubuntu jammy/main amd64 ibverbs-providers amd64 39.0-1 [341 kB]

Пол:13 http://ru.archive.ubuntu.com/ubuntu jammy/main amd64 libboost-iostreams1.74.0 amd64 1.74.0-14ubuntu3 [245 kB]

Пол:14 http://ru.archive.ubuntu.com/ubuntu jammy/main amd64 libboost-thread1.74.0 amd64 1.74.0-14ubuntu3 [262 kB]

Пол:15 http://ru.archive.ubuntu.com/ubuntu jammy/main amd64 libdaxctl1 amd64 72.1-1 [19,8 kB]

Пол:16 http://ru.archive.ubuntu.com/ubuntu jammy/main amd64 libdistro-info-perl all 1.1build1 [5 644 B]

Пол:17 http://ru.archive.ubuntu.com/ubuntu jammy-updates/main amd64 libdpkg-perl all 1.21.1ubuntu2.2 [237 kB]

Пол:18 http://ru.archive.ubuntu.com/ubuntu jammy/main amd64 libfile-fcntllock-perl amd64 0.22-3build7 [33,9 kB]

Пол:19 http://ru.archive.ubuntu.com/ubuntu jammy-updates/main amd64 libgfxdr0 amd64 10.1-1ubuntu0.1 [22,2 kB]

Пол:20 http://ru.archive.ubuntu.com/ubuntu jammy-updates/main amd64 libglusterfs0 amd64 10.1-1ubuntu0.1 [286 kB]

Пол:21 http://ru.archive.ubuntu.com/ubuntu jammy-updates/main amd64 libgfrpc0 amd64 10.1-1ubuntu0.1 [47,1 kB]

Пол:22 http://ru.archive.ubuntu.com/ubuntu jammy-updates/main amd64 libgfapi0 amd64 10.1-1ubuntu0.1 [77,3 kB]

Пол:23 http://ru.archive.ubuntu.com/ubuntu jammy/main amd64 librdmacm1 amd64 39.0-1 [71,2 kB]

Пол:24 http://ru.archive.ubuntu.com/ubuntu jammy/main amd64 libiscsi7 amd64 1.19.0-3build2 [70,6 kB]

Пол:25 http://ru.archive.ubuntu.com/ubuntu jammy/universe amd64 liblinux-lvm-perl all 0.17-2.1 [12,2 kB]

Пол:26 http://ru.archive.ubuntu.com/ubuntu jammy/main amd64 libndctl6 amd64 72.1-1 [57,7 kB]

Пол:27 http://ru.archive.ubuntu.com/ubuntu jammy/universe amd64 libnet-ssh2-perl amd64 0.72-3build1 [107 kB]

Пол:28 http://ru.archive.ubuntu.com/ubuntu jammy/universe amd64 libossp-uuid16 amd64 1.6.2-1.5build9 [31,4 kB]

Пол:29 http://ru.archive.ubuntu.com/ubuntu jammy/universe amd64 libossp-uuid-perl amd64 1.6.2-1.5build9 [19,7 kB]

Пол:30 http://ru.archive.ubuntu.com/ubuntu jammy/main amd64 libpmem1 amd64 1.11.1-3build1 [81,4 kB]

Пол:31 http://ru.archive.ubuntu.com/ubuntu jammy/main amd64 libpmemobj1 amd64 1.11.1-3build1 [124 kB]

Пол:32 http://ru.archive.ubuntu.com/ubuntu jammy-updates/main amd64 librados2 amd64 17.2.5-0ubuntu0.22.04.3 [3 573 kB]

Пол:33 http://ru.archive.ubuntu.com/ubuntu jammy-updates/main amd64 librbd1 amd64 17.2.5-0ubuntu0.22.04.3 [3 545 kB]

Пол:34 http://ru.archive.ubuntu.com/ubuntu jammy/main amd64 libterm-readkey-perl amd64 2.38-1build4 [25,2 kB]

Пол:35 http://ru.archive.ubuntu.com/ubuntu jammy/main amd64 liburing2 amd64 2.1-2build1 [10,3 kB]

Пол:36 http://ru.archive.ubuntu.com/ubuntu jammy/main amd64 libyaml-tiny-perl all 1.73-1 [25,2 kB]

Пол:37 http://ru.archive.ubuntu.com/ubuntu jammy/universe amd64 lxc all 1:5.0.0~git2209-g5a7b9ce67-0ubuntu1 [2 810 B]

Пол:38 http://ru.archive.ubuntu.com/ubuntu jammy/universe amd64 lxc-templates amd64 3.0.4-5 [84,7 kB]

Пол:39 http://ru.archive.ubuntu.com/ubuntu jammy/universe amd64 lxctl all 0.3.1+debian-4 [25,9 kB]

Пол:40 http://ru.archive.ubuntu.com/ubuntu jammy-updates/universe amd64 mmdebstrap all 0.8.4-1ubuntu0.1 [90,9 kB]

Пол:41 http://ru.archive.ubuntu.com/ubuntu jammy-updates/main amd64 perl-doc all 5.34.0-3ubuntu1.2 [7 819 kB]

Пол:42 http://ru.archive.ubuntu.com/ubuntu jammy-updates/main amd64 qemu-utils amd64 1:6.2+dfsg-2ubuntu6.12 [1 525 kB]

Пол:43 http://ru.archive.ubuntu.com/ubuntu jammy-updates/main amd64 qemu-block-extra amd64 1:6.2+dfsg-2ubuntu6.12 [68,1 kB]

Пол:44 http://ru.archive.ubuntu.com/ubuntu jammy/main amd64 thin-provisioning-tools amd64 0.9.0-2ubuntu1 [426 kB]

Пол:45 http://ru.archive.ubuntu.com/ubuntu jammy/main amd64 cloud-image-utils all 0.32-22-g45fe84a5-0ubuntu1 [19,3 kB]

Пол:46 http://ru.archive.ubuntu.com/ubuntu jammy-updates/main amd64 debootstrap all 1.0.126+nmu1ubuntu0.5 [41,1 kB]

Получено 22,0 MB за 6с (3 956 kB/s)            

Извлекаются шаблоны из пакетов: 100%

Выбор ранее не выбранного пакета libdevmapper-event1.02.1:amd64.

(Чтение базы данных … на данный момент установлено 190537 файлов и каталогов.)

Подготовка к распаковке …/00-libdevmapper-event1.02.1_2%3a1.02.175-2.1ubuntu4_amd64.deb …

Распаковывается libdevmapper-event1.02.1:amd64 (2:1.02.175-2.1ubuntu4) …

Выбор ранее не выбранного пакета liblvm2cmd2.03:amd64.

Подготовка к распаковке …/01-liblvm2cmd2.03_2.03.11-2.1ubuntu4_amd64.deb …

Распаковывается liblvm2cmd2.03:amd64 (2.03.11-2.1ubuntu4) …

Выбор ранее не выбранного пакета dmeventd.

Подготовка к распаковке …/02-dmeventd_2%3a1.02.175-2.1ubuntu4_amd64.deb …

Распаковывается dmeventd (2:1.02.175-2.1ubuntu4) …

Выбор ранее не выбранного пакета lvm2.

Подготовка к распаковке …/03-lvm2_2.03.11-2.1ubuntu4_amd64.deb …

Распаковывается lvm2 (2.03.11-2.1ubuntu4) …

Выбор ранее не выбранного пакета arch-test.

Подготовка к распаковке …/04-arch-test_0.17-2_all.deb …

Распаковывается arch-test (0.17-2) …

Выбор ранее не выбранного пакета libfakechroot:amd64.

Подготовка к распаковке …/05-libfakechroot_2.20.1+ds-2_amd64.deb …

Распаковывается libfakechroot:amd64 (2.20.1+ds-2) …

Выбор ранее не выбранного пакета fakechroot.

Подготовка к распаковке …/06-fakechroot_2.20.1+ds-2_all.deb …

Распаковывается fakechroot (2.20.1+ds-2) …

Выбор ранее не выбранного пакета libfakeroot:amd64.

Подготовка к распаковке …/07-libfakeroot_1.28-1ubuntu1_amd64.deb …

Распаковывается libfakeroot:amd64 (1.28-1ubuntu1) …

Выбор ранее не выбранного пакета fakeroot.

Подготовка к распаковке …/08-fakeroot_1.28-1ubuntu1_amd64.deb …

Распаковывается fakeroot (1.28-1ubuntu1) …

Выбор ранее не выбранного пакета genisoimage.

Подготовка к распаковке …/09-genisoimage_9%3a1.1.11-3.2ubuntu1_amd64.deb …

Распаковывается genisoimage (9:1.1.11-3.2ubuntu1) …

Выбор ранее не выбранного пакета libibverbs1:amd64.

Подготовка к распаковке …/10-libibverbs1_39.0-1_amd64.deb …

Распаковывается libibverbs1:amd64 (39.0-1) …

Выбор ранее не выбранного пакета ibverbs-providers:amd64.

Подготовка к распаковке …/11-ibverbs-providers_39.0-1_amd64.deb …

Распаковывается ibverbs-providers:amd64 (39.0-1) …

Выбор ранее не выбранного пакета libboost-iostreams1.74.0:amd64.

Подготовка к распаковке …/12-libboost-iostreams1.74.0_1.74.0-14ubuntu3_amd64.deb …

Распаковывается libboost-iostreams1.74.0:amd64 (1.74.0-14ubuntu3) …

Выбор ранее не выбранного пакета libboost-thread1.74.0:amd64.

Подготовка к распаковке …/13-libboost-thread1.74.0_1.74.0-14ubuntu3_amd64.deb …

Распаковывается libboost-thread1.74.0:amd64 (1.74.0-14ubuntu3) …

Выбор ранее не выбранного пакета libdaxctl1:amd64.

Подготовка к распаковке …/14-libdaxctl1_72.1-1_amd64.deb …

Распаковывается libdaxctl1:amd64 (72.1-1) …

Выбор ранее не выбранного пакета libdistro-info-perl.

Подготовка к распаковке …/15-libdistro-info-perl_1.1build1_all.deb …

Распаковывается libdistro-info-perl (1.1build1) …

Выбор ранее не выбранного пакета libdpkg-perl.

Подготовка к распаковке …/16-libdpkg-perl_1.21.1ubuntu2.2_all.deb …

Распаковывается libdpkg-perl (1.21.1ubuntu2.2) …

Выбор ранее не выбранного пакета libfile-fcntllock-perl.

Подготовка к распаковке …/17-libfile-fcntllock-perl_0.22-3build7_amd64.deb …

Распаковывается libfile-fcntllock-perl (0.22-3build7) …

Выбор ранее не выбранного пакета libgfxdr0:amd64.

Подготовка к распаковке …/18-libgfxdr0_10.1-1ubuntu0.1_amd64.deb …

Распаковывается libgfxdr0:amd64 (10.1-1ubuntu0.1) …

Выбор ранее не выбранного пакета libglusterfs0:amd64.

Подготовка к распаковке …/19-libglusterfs0_10.1-1ubuntu0.1_amd64.deb …

Распаковывается libglusterfs0:amd64 (10.1-1ubuntu0.1) …

Выбор ранее не выбранного пакета libgfrpc0:amd64.

Подготовка к распаковке …/20-libgfrpc0_10.1-1ubuntu0.1_amd64.deb …

Распаковывается libgfrpc0:amd64 (10.1-1ubuntu0.1) …

Выбор ранее не выбранного пакета libgfapi0:amd64.

Подготовка к распаковке …/21-libgfapi0_10.1-1ubuntu0.1_amd64.deb …

Распаковывается libgfapi0:amd64 (10.1-1ubuntu0.1) …

Выбор ранее не выбранного пакета librdmacm1:amd64.

Подготовка к распаковке …/22-librdmacm1_39.0-1_amd64.deb …

Распаковывается librdmacm1:amd64 (39.0-1) …

Выбор ранее не выбранного пакета libiscsi7:amd64.

Подготовка к распаковке …/23-libiscsi7_1.19.0-3build2_amd64.deb …

Распаковывается libiscsi7:amd64 (1.19.0-3build2) …

Выбор ранее не выбранного пакета liblinux-lvm-perl.

Подготовка к распаковке …/24-liblinux-lvm-perl_0.17-2.1_all.deb …

Распаковывается liblinux-lvm-perl (0.17-2.1) …

Выбор ранее не выбранного пакета libndctl6:amd64.

Подготовка к распаковке …/25-libndctl6_72.1-1_amd64.deb …

Распаковывается libndctl6:amd64 (72.1-1) …

Выбор ранее не выбранного пакета libnet-ssh2-perl.

Подготовка к распаковке …/26-libnet-ssh2-perl_0.72-3build1_amd64.deb …

Распаковывается libnet-ssh2-perl (0.72-3build1) …

Выбор ранее не выбранного пакета libossp-uuid16:amd64.

Подготовка к распаковке …/27-libossp-uuid16_1.6.2-1.5build9_amd64.deb …

Распаковывается libossp-uuid16:amd64 (1.6.2-1.5build9) …

Выбор ранее не выбранного пакета libossp-uuid-perl.

Подготовка к распаковке …/28-libossp-uuid-perl_1.6.2-1.5build9_amd64.deb …

Распаковывается libossp-uuid-perl (1.6.2-1.5build9) …

Выбор ранее не выбранного пакета libpmem1:amd64.

Подготовка к распаковке …/29-libpmem1_1.11.1-3build1_amd64.deb …

Распаковывается libpmem1:amd64 (1.11.1-3build1) …

Выбор ранее не выбранного пакета libpmemobj1:amd64.

Подготовка к распаковке …/30-libpmemobj1_1.11.1-3build1_amd64.deb …

Распаковывается libpmemobj1:amd64 (1.11.1-3build1) …

Выбор ранее не выбранного пакета librados2.

Подготовка к распаковке …/31-librados2_17.2.5-0ubuntu0.22.04.3_amd64.deb …

Распаковывается librados2 (17.2.5-0ubuntu0.22.04.3) …

Выбор ранее не выбранного пакета librbd1.

Подготовка к распаковке …/32-librbd1_17.2.5-0ubuntu0.22.04.3_amd64.deb …

Распаковывается librbd1 (17.2.5-0ubuntu0.22.04.3) …

Выбор ранее не выбранного пакета libterm-readkey-perl.

Подготовка к распаковке …/33-libterm-readkey-perl_2.38-1build4_amd64.deb …

Распаковывается libterm-readkey-perl (2.38-1build4) …

Выбор ранее не выбранного пакета liburing2:amd64.

Подготовка к распаковке …/34-liburing2_2.1-2build1_amd64.deb …

Распаковывается liburing2:amd64 (2.1-2build1) …

Выбор ранее не выбранного пакета libyaml-tiny-perl.

Подготовка к распаковке …/35-libyaml-tiny-perl_1.73-1_all.deb …

Распаковывается libyaml-tiny-perl (1.73-1) …

Выбор ранее не выбранного пакета lxc.

Подготовка к распаковке …/36-lxc_1%3a5.0.0~git2209-g5a7b9ce67-0ubuntu1_all.deb …

Распаковывается lxc (1:5.0.0~git2209-g5a7b9ce67-0ubuntu1) …

Выбор ранее не выбранного пакета lxc-templates.

Подготовка к распаковке …/37-lxc-templates_3.0.4-5_amd64.deb …

Распаковывается lxc-templates (3.0.4-5) …

Выбор ранее не выбранного пакета lxctl.

Подготовка к распаковке …/38-lxctl_0.3.1+debian-4_all.deb …

Распаковывается lxctl (0.3.1+debian-4) …

Выбор ранее не выбранного пакета mmdebstrap.

Подготовка к распаковке …/39-mmdebstrap_0.8.4-1ubuntu0.1_all.deb …

Распаковывается mmdebstrap (0.8.4-1ubuntu0.1) …

Выбор ранее не выбранного пакета perl-doc.

Подготовка к распаковке …/40-perl-doc_5.34.0-3ubuntu1.2_all.deb …

Добавляется «отклонение /usr/bin/perldoc в /usr/bin/perldoc.stub из-за perl-doc»

Распаковывается perl-doc (5.34.0-3ubuntu1.2) …

Выбор ранее не выбранного пакета qemu-utils.

Подготовка к распаковке …/41-qemu-utils_1%3a6.2+dfsg-2ubuntu6.12_amd64.deb …

Распаковывается qemu-utils (1:6.2+dfsg-2ubuntu6.12) …

Выбор ранее не выбранного пакета qemu-block-extra.

Подготовка к распаковке …/42-qemu-block-extra_1%3a6.2+dfsg-2ubuntu6.12_amd64.deb …

Распаковывается qemu-block-extra (1:6.2+dfsg-2ubuntu6.12) …

Выбор ранее не выбранного пакета thin-provisioning-tools.

Подготовка к распаковке …/43-thin-provisioning-tools_0.9.0-2ubuntu1_amd64.deb …

Распаковывается thin-provisioning-tools (0.9.0-2ubuntu1) …

Выбор ранее не выбранного пакета cloud-image-utils.

Подготовка к распаковке …/44-cloud-image-utils_0.32-22-g45fe84a5-0ubuntu1_all.deb …

Распаковывается cloud-image-utils (0.32-22-g45fe84a5-0ubuntu1) …

Выбор ранее не выбранного пакета debootstrap.

Подготовка к распаковке …/45-debootstrap_1.0.126+nmu1ubuntu0.5_all.deb …

Распаковывается debootstrap (1.0.126+nmu1ubuntu0.5) …

Настраивается пакет genisoimage (9:1.1.11-3.2ubuntu1) …

Настраивается пакет libibverbs1:amd64 (39.0-1) …

Настраивается пакет debootstrap (1.0.126+nmu1ubuntu0.5) …

Настраивается пакет libdevmapper-event1.02.1:amd64 (2:1.02.175-2.1ubuntu4) …

Настраивается пакет lxc (1:5.0.0~git2209-g5a7b9ce67-0ubuntu1) …

Настраивается пакет ibverbs-providers:amd64 (39.0-1) …

Настраивается пакет libfile-fcntllock-perl (0.22-3build7) …

Настраивается пакет libdistro-info-perl (1.1build1) …

Настраивается пакет libboost-iostreams1.74.0:amd64 (1.74.0-14ubuntu3) …

Настраивается пакет libnet-ssh2-perl (0.72-3build1) …

Настраивается пакет libfakechroot:amd64 (2.20.1+ds-2) …

Настраивается пакет lxc-templates (3.0.4-5) …

Настраивается пакет liblinux-lvm-perl (0.17-2.1) …

Настраивается пакет perl-doc (5.34.0-3ubuntu1.2) …

Настраивается пакет libossp-uuid16:amd64 (1.6.2-1.5build9) …

Настраивается пакет libyaml-tiny-perl (1.73-1) …

Настраивается пакет libfakeroot:amd64 (1.28-1ubuntu1) …

Настраивается пакет fakeroot (1.28-1ubuntu1) …

update-alternatives: используется /usr/bin/fakeroot-sysv для предоставления /usr/bin/fakeroot (fakeroot) в автоматическом режиме

Настраивается пакет libglusterfs0:amd64 (10.1-1ubuntu0.1) …

Настраивается пакет fakechroot (2.20.1+ds-2) …

Настраивается пакет mmdebstrap (0.8.4-1ubuntu0.1) …

Настраивается пакет thin-provisioning-tools (0.9.0-2ubuntu1) …

Настраивается пакет libdaxctl1:amd64 (72.1-1) …

Настраивается пакет libdpkg-perl (1.21.1ubuntu2.2) …

Настраивается пакет libndctl6:amd64 (72.1-1) …

Настраивается пакет libterm-readkey-perl (2.38-1build4) …

Настраивается пакет liburing2:amd64 (2.1-2build1) …

Настраивается пакет arch-test (0.17-2) …

Настраивается пакет libpmem1:amd64 (1.11.1-3build1) …

Настраивается пакет libgfxdr0:amd64 (10.1-1ubuntu0.1) …

Настраивается пакет libboost-thread1.74.0:amd64 (1.74.0-14ubuntu3) …

Настраивается пакет librdmacm1:amd64 (39.0-1) …

Настраивается пакет librados2 (17.2.5-0ubuntu0.22.04.3) …

Настраивается пакет libossp-uuid-perl (1.6.2-1.5build9) …

Настраивается пакет lxctl (0.3.1+debian-4) …

Настраивается пакет libpmemobj1:amd64 (1.11.1-3build1) …

Настраивается пакет librbd1 (17.2.5-0ubuntu0.22.04.3) …

Настраивается пакет qemu-utils (1:6.2+dfsg-2ubuntu6.12) …

Настраивается пакет libiscsi7:amd64 (1.19.0-3build2) …

Настраивается пакет libgfrpc0:amd64 (10.1-1ubuntu0.1) …

Настраивается пакет cloud-image-utils (0.32-22-g45fe84a5-0ubuntu1) …

Настраивается пакет libgfapi0:amd64 (10.1-1ubuntu0.1) …

Настраивается пакет qemu-block-extra (1:6.2+dfsg-2ubuntu6.12) …

Created symlink /etc/systemd/system/multi-user.target.wants/run-qemu.mount → /lib/systemd/system/run-qemu.mount.

Настраивается пакет liblvm2cmd2.03:amd64 (2.03.11-2.1ubuntu4) …

Настраивается пакет dmeventd (2:1.02.175-2.1ubuntu4) …

Created symlink /etc/systemd/system/sockets.target.wants/dm-event.socket → /lib/systemd/system/dm-event.socket.

dm-event.service is a disabled or a static unit, not starting it.

Настраивается пакет lvm2 (2.03.11-2.1ubuntu4) …

update-initramfs: deferring update (trigger activated)

Created symlink /etc/systemd/system/sysinit.target.wants/blk-availability.service → /lib/systemd/system/blk-availability.service.

Created symlink /etc/systemd/system/sysinit.target.wants/lvm2-monitor.service → /lib/systemd/system/lvm2-monitor.service.

Created symlink /etc/systemd/system/sysinit.target.wants/lvm2-lvmpolld.socket → /lib/systemd/system/lvm2-lvmpolld.socket.

Обрабатываются триггеры для initramfs-tools (0.140ubuntu13.1) …

update-initramfs: Generating /boot/initrd.img-5.19.0-41-generic

Обрабатываются триггеры для libc-bin (2.35-0ubuntu3.1) …

Обрабатываются триггеры для man-db (2.10.2-1) …

root@glova-linux:/home/glova# lxc-create -n test123 -t ubuntu

Checking cache download in /var/cache/lxc/jammy/rootfs-amd64 ... 

Installing packages in template: apt-transport-https,ssh,vim,language-pack-en,language-pack-ru

Downloading ubuntu jammy minimal ...

I: Target architecture can be executed

I: Retrieving InRelease 

I: Checking Release signature

I: Valid Release signature (key id F6ECB3762474EDA9D21B7022871920D1991BC93C)

I: Retrieving Packages 

I: Validating Packages 

I: Retrieving Packages 

I: Validating Packages 

I: Resolving dependencies of required packages...

I: Resolving dependencies of base packages...

I: Checking component main on http://archive.ubuntu.com/ubuntu...

I: Checking component universe on http://archive.ubuntu.com/ubuntu...

I: Retrieving adduser 3.118ubuntu5

I: Validating adduser 3.118ubuntu5

I: Retrieving apt 2.4.5

I: Validating apt 2.4.5

I: Retrieving apt-utils 2.4.5

I: Validating apt-utils 2.4.5

I: Retrieving base-files 12ubuntu4

I: Validating base-files 12ubuntu4

I: Retrieving base-passwd 3.5.52build1

I: Validating base-passwd 3.5.52build1

I: Retrieving bash 5.1-6ubuntu1

I: Validating bash 5.1-6ubuntu1

I: Retrieving bsdutils 1:2.37.2-4ubuntu3

I: Validating bsdutils 1:2.37.2-4ubuntu3

I: Retrieving ca-certificates 20211016

I: Validating ca-certificates 20211016

I: Retrieving console-setup 1.205ubuntu3

I: Validating console-setup 1.205ubuntu3

I: Retrieving console-setup-linux 1.205ubuntu3

I: Validating console-setup-linux 1.205ubuntu3

I: Retrieving coreutils 8.32-4.1ubuntu1

I: Validating coreutils 8.32-4.1ubuntu1

I: Retrieving cron 3.0pl1-137ubuntu3

I: Validating cron 3.0pl1-137ubuntu3

I: Retrieving dash 0.5.11+git20210903+057cd650a4ed-3build1

I: Validating dash 0.5.11+git20210903+057cd650a4ed-3build1

I: Retrieving dbus 1.12.20-2ubuntu4

I: Validating dbus 1.12.20-2ubuntu4

I: Retrieving debconf 1.5.79ubuntu1

I: Validating debconf 1.5.79ubuntu1

I: Retrieving debconf-i18n 1.5.79ubuntu1

I: Validating debconf-i18n 1.5.79ubuntu1

I: Retrieving debianutils 5.5-1ubuntu2

I: Validating debianutils 5.5-1ubuntu2

I: Retrieving diffutils 1:3.8-0ubuntu2

I: Validating diffutils 1:3.8-0ubuntu2

I: Retrieving distro-info 1.1build1

I: Validating distro-info 1.1build1

I: Retrieving distro-info-data 0.52

I: Validating distro-info-data 0.52

I: Retrieving dmsetup 2:1.02.175-2.1ubuntu4

I: Validating dmsetup 2:1.02.175-2.1ubuntu4

I: Retrieving dpkg 1.21.1ubuntu2

I: Validating dpkg 1.21.1ubuntu2

I: Retrieving e2fsprogs 1.46.5-2ubuntu1

I: Validating e2fsprogs 1.46.5-2ubuntu1

I: Retrieving eject 2.37.2-4ubuntu3

I: Validating eject 2.37.2-4ubuntu3

I: Retrieving findutils 4.8.0-1ubuntu3

I: Validating findutils 4.8.0-1ubuntu3

I: Retrieving gcc-12-base 12-20220319-1ubuntu1

I: Validating gcc-12-base 12-20220319-1ubuntu1

I: Retrieving gir1.2-glib-2.0 1.72.0-1

I: Validating gir1.2-glib-2.0 1.72.0-1

I: Retrieving gpgv 2.2.27-3ubuntu2

I: Validating gpgv 2.2.27-3ubuntu2

I: Retrieving grep 3.7-1build1

I: Validating grep 3.7-1build1

I: Retrieving gzip 1.10-4ubuntu4

I: Validating gzip 1.10-4ubuntu4

I: Retrieving hostname 3.23ubuntu2

I: Validating hostname 3.23ubuntu2

I: Retrieving init 1.62

I: Validating init 1.62

I: Retrieving init-system-helpers 1.62

I: Validating init-system-helpers 1.62

I: Retrieving iproute2 5.15.0-1ubuntu2

I: Validating iproute2 5.15.0-1ubuntu2

I: Retrieving iputils-ping 3:20211215-1

I: Validating iputils-ping 3:20211215-1

I: Retrieving isc-dhcp-client 4.4.1-2.3ubuntu2

I: Validating isc-dhcp-client 4.4.1-2.3ubuntu2

I: Retrieving isc-dhcp-common 4.4.1-2.3ubuntu2

I: Validating isc-dhcp-common 4.4.1-2.3ubuntu2

I: Retrieving iso-codes 4.9.0-1

I: Validating iso-codes 4.9.0-1

I: Retrieving kbd 2.3.0-3ubuntu4

I: Validating kbd 2.3.0-3ubuntu4

I: Retrieving keyboard-configuration 1.205ubuntu3

I: Validating keyboard-configuration 1.205ubuntu3

I: Retrieving kmod 29-1ubuntu1

I: Validating kmod 29-1ubuntu1

I: Retrieving language-pack-en 1:22.04+20220415

I: Validating language-pack-en 1:22.04+20220415

I: Retrieving language-pack-en-base 1:22.04+20220415

I: Validating language-pack-en-base 1:22.04+20220415

I: Retrieving language-pack-ru 1:22.04+20220415

I: Validating language-pack-ru 1:22.04+20220415

I: Retrieving language-pack-ru-base 1:22.04+20220415

I: Validating language-pack-ru-base 1:22.04+20220415

I: Retrieving less 590-1build1

I: Validating less 590-1build1

I: Retrieving libacl1 2.3.1-1

I: Validating libacl1 2.3.1-1

I: Retrieving libapparmor1 3.0.4-2ubuntu2

I: Validating libapparmor1 3.0.4-2ubuntu2

I: Retrieving libapt-pkg6.0 2.4.5

I: Validating libapt-pkg6.0 2.4.5

I: Retrieving libargon2-1 0~20171227-0.3

I: Validating libargon2-1 0~20171227-0.3

I: Retrieving libatm1 1:2.5.1-4build2

I: Validating libatm1 1:2.5.1-4build2

I: Retrieving libattr1 1:2.5.1-1build1

I: Validating libattr1 1:2.5.1-1build1

I: Retrieving libaudit-common 1:3.0.7-1build1

I: Validating libaudit-common 1:3.0.7-1build1

I: Retrieving libaudit1 1:3.0.7-1build1

I: Validating libaudit1 1:3.0.7-1build1

I: Retrieving libblkid1 2.37.2-4ubuntu3

I: Validating libblkid1 2.37.2-4ubuntu3

I: Retrieving libbpf0 1:0.5.0-1

I: Validating libbpf0 1:0.5.0-1

I: Retrieving libbsd0 0.11.5-1

I: Validating libbsd0 0.11.5-1

I: Retrieving libbz2-1.0 1.0.8-5build1

I: Validating libbz2-1.0 1.0.8-5build1

I: Retrieving libc-bin 2.35-0ubuntu3

I: Validating libc-bin 2.35-0ubuntu3

I: Retrieving libc6 2.35-0ubuntu3

I: Validating libc6 2.35-0ubuntu3

I: Retrieving libcap-ng0 0.7.9-2.2build3

I: Validating libcap-ng0 0.7.9-2.2build3

I: Retrieving libcap2 1:2.44-1build3

I: Validating libcap2 1:2.44-1build3

I: Retrieving libcap2-bin 1:2.44-1build3

I: Validating libcap2-bin 1:2.44-1build3

I: Retrieving libcbor0.8 0.8.0-2ubuntu1

I: Validating libcbor0.8 0.8.0-2ubuntu1

I: Retrieving libcom-err2 1.46.5-2ubuntu1

I: Validating libcom-err2 1.46.5-2ubuntu1

I: Retrieving libcrypt1 1:4.4.27-1

I: Validating libcrypt1 1:4.4.27-1

I: Retrieving libcryptsetup12 2:2.4.3-1ubuntu1

I: Validating libcryptsetup12 2:2.4.3-1ubuntu1

I: Retrieving libdb5.3 5.3.28+dfsg1-0.8ubuntu3

I: Validating libdb5.3 5.3.28+dfsg1-0.8ubuntu3

I: Retrieving libdbus-1-3 1.12.20-2ubuntu4

I: Validating libdbus-1-3 1.12.20-2ubuntu4

I: Retrieving libdebconfclient0 0.261ubuntu1

I: Validating libdebconfclient0 0.261ubuntu1

I: Retrieving libdevmapper1.02.1 2:1.02.175-2.1ubuntu4

I: Validating libdevmapper1.02.1 2:1.02.175-2.1ubuntu4

I: Retrieving libdns-export1110 1:9.11.19+dfsg-2.1ubuntu3

I: Validating libdns-export1110 1:9.11.19+dfsg-2.1ubuntu3

I: Retrieving libedit2 3.1-20210910-1build1

I: Validating libedit2 3.1-20210910-1build1

I: Retrieving libelf1 0.186-1build1

I: Validating libelf1 0.186-1build1

I: Retrieving libestr0 0.1.10-2.1build3

I: Validating libestr0 0.1.10-2.1build3

I: Retrieving libexpat1 2.4.7-1

I: Validating libexpat1 2.4.7-1

I: Retrieving libext2fs2 1.46.5-2ubuntu1

I: Validating libext2fs2 1.46.5-2ubuntu1

I: Retrieving libfastjson4 0.99.9-1build2

I: Validating libfastjson4 0.99.9-1build2

I: Retrieving libffi8 3.4.2-4

I: Validating libffi8 3.4.2-4

I: Retrieving libfido2-1 1.10.0-1

I: Validating libfido2-1 1.10.0-1

I: Retrieving libfribidi0 1.0.8-2ubuntu3

I: Validating libfribidi0 1.0.8-2ubuntu3

I: Retrieving libgcc-s1 12-20220319-1ubuntu1

I: Validating libgcc-s1 12-20220319-1ubuntu1

I: Retrieving libgcrypt20 1.9.4-3ubuntu3

I: Validating libgcrypt20 1.9.4-3ubuntu3

I: Retrieving libgirepository-1.0-1 1.72.0-1

I: Validating libgirepository-1.0-1 1.72.0-1

I: Retrieving libglib2.0-0 2.72.1-1

I: Validating libglib2.0-0 2.72.1-1

I: Retrieving libglib2.0-data 2.72.1-1

I: Validating libglib2.0-data 2.72.1-1

I: Retrieving libgmp10 2:6.2.1+dfsg-3ubuntu1

I: Validating libgmp10 2:6.2.1+dfsg-3ubuntu1

I: Retrieving libgnutls30 3.7.3-4ubuntu1

I: Validating libgnutls30 3.7.3-4ubuntu1

I: Retrieving libgpg-error0 1.43-3

I: Validating libgpg-error0 1.43-3

I: Retrieving libgpm2 1.20.7-10build1

I: Validating libgpm2 1.20.7-10build1

I: Retrieving libgssapi-krb5-2 1.19.2-2

I: Validating libgssapi-krb5-2 1.19.2-2

I: Retrieving libhogweed6 3.7.3-1build2

I: Validating libhogweed6 3.7.3-1build2

I: Retrieving libicu70 70.1-2

I: Validating libicu70 70.1-2

I: Retrieving libidn2-0 2.3.2-2build1

I: Validating libidn2-0 2.3.2-2build1

I: Retrieving libip4tc2 1.8.7-1ubuntu5

I: Validating libip4tc2 1.8.7-1ubuntu5

I: Retrieving libisc-export1105 1:9.11.19+dfsg-2.1ubuntu3

I: Validating libisc-export1105 1:9.11.19+dfsg-2.1ubuntu3

I: Retrieving libjson-c5 0.15-2build4

I: Validating libjson-c5 0.15-2build4

I: Retrieving libk5crypto3 1.19.2-2

I: Validating libk5crypto3 1.19.2-2

I: Retrieving libkeyutils1 1.6.1-2ubuntu3

I: Validating libkeyutils1 1.6.1-2ubuntu3

I: Retrieving libkmod2 29-1ubuntu1

I: Validating libkmod2 29-1ubuntu1

I: Retrieving libkrb5-3 1.19.2-2

I: Validating libkrb5-3 1.19.2-2

I: Retrieving libkrb5support0 1.19.2-2

I: Validating libkrb5support0 1.19.2-2

I: Retrieving liblocale-gettext-perl 1.07-4build3

I: Validating liblocale-gettext-perl 1.07-4build3

I: Retrieving liblz4-1 1.9.3-2build2

I: Validating liblz4-1 1.9.3-2build2

I: Retrieving liblzma5 5.2.5-2ubuntu1

I: Validating liblzma5 5.2.5-2ubuntu1

I: Retrieving libmd0 1.0.4-1build1

I: Validating libmd0 1.0.4-1build1

I: Retrieving libmnl0 1.0.4-3build2

I: Validating libmnl0 1.0.4-3build2

I: Retrieving libmount1 2.37.2-4ubuntu3

I: Validating libmount1 2.37.2-4ubuntu3

I: Retrieving libmpdec3 2.5.1-2build2

I: Validating libmpdec3 2.5.1-2build2

I: Retrieving libncurses6 6.3-2

I: Validating libncurses6 6.3-2

I: Retrieving libncursesw6 6.3-2

I: Validating libncursesw6 6.3-2

I: Retrieving libnetplan0 0.104-0ubuntu2

I: Validating libnetplan0 0.104-0ubuntu2

I: Retrieving libnettle8 3.7.3-1build2

I: Validating libnettle8 3.7.3-1build2

I: Retrieving libnewt0.52 0.52.21-5ubuntu2

I: Validating libnewt0.52 0.52.21-5ubuntu2

I: Retrieving libnsl2 1.3.0-2build2

I: Validating libnsl2 1.3.0-2build2

I: Retrieving libnss-systemd 249.11-0ubuntu3

I: Validating libnss-systemd 249.11-0ubuntu3

I: Retrieving libp11-kit0 0.24.0-6build1

I: Validating libp11-kit0 0.24.0-6build1

I: Retrieving libpam-cap 1:2.44-1build3

I: Validating libpam-cap 1:2.44-1build3

I: Retrieving libpam-modules 1.4.0-11ubuntu2

I: Validating libpam-modules 1.4.0-11ubuntu2

I: Retrieving libpam-modules-bin 1.4.0-11ubuntu2

I: Validating libpam-modules-bin 1.4.0-11ubuntu2

I: Retrieving libpam-runtime 1.4.0-11ubuntu2

I: Validating libpam-runtime 1.4.0-11ubuntu2

I: Retrieving libpam-systemd 249.11-0ubuntu3

I: Validating libpam-systemd 249.11-0ubuntu3

I: Retrieving libpam0g 1.4.0-11ubuntu2

I: Validating libpam0g 1.4.0-11ubuntu2

I: Retrieving libpcre2-8-0 10.39-3build1

I: Validating libpcre2-8-0 10.39-3build1

I: Retrieving libpcre3 2:8.39-13build5

I: Validating libpcre3 2:8.39-13build5

I: Retrieving libpopt0 1.18-3build1

I: Validating libpopt0 1.18-3build1

I: Retrieving libprocps8 2:3.3.17-6ubuntu2

I: Validating libprocps8 2:3.3.17-6ubuntu2

I: Retrieving libpython3-stdlib 3.10.4-0ubuntu2

I: Validating libpython3-stdlib 3.10.4-0ubuntu2

I: Retrieving libpython3.10 3.10.4-3

I: Validating libpython3.10 3.10.4-3

I: Retrieving libpython3.10-minimal 3.10.4-3

I: Validating libpython3.10-minimal 3.10.4-3

I: Retrieving libpython3.10-stdlib 3.10.4-3

I: Validating libpython3.10-stdlib 3.10.4-3

I: Retrieving libreadline8 8.1.2-1

I: Validating libreadline8 8.1.2-1

I: Retrieving libseccomp2 2.5.3-2ubuntu2

I: Validating libseccomp2 2.5.3-2ubuntu2

I: Retrieving libselinux1 3.3-1build2

I: Validating libselinux1 3.3-1build2

I: Retrieving libsemanage-common 3.3-1build2

I: Validating libsemanage-common 3.3-1build2

I: Retrieving libsemanage2 3.3-1build2

I: Validating libsemanage2 3.3-1build2

I: Retrieving libsepol2 3.3-1build1

I: Validating libsepol2 3.3-1build1

I: Retrieving libslang2 2.3.2-5build4

I: Validating libslang2 2.3.2-5build4

I: Retrieving libsmartcols1 2.37.2-4ubuntu3

I: Validating libsmartcols1 2.37.2-4ubuntu3

I: Retrieving libsodium23 1.0.18-1build2

I: Validating libsodium23 1.0.18-1build2

I: Retrieving libsqlite3-0 3.37.2-2

I: Validating libsqlite3-0 3.37.2-2

I: Retrieving libss2 1.46.5-2ubuntu1

I: Validating libss2 1.46.5-2ubuntu1

I: Retrieving libssl3 3.0.2-0ubuntu1

I: Validating libssl3 3.0.2-0ubuntu1

I: Retrieving libstdc++6 12-20220319-1ubuntu1

I: Validating libstdc++6 12-20220319-1ubuntu1

I: Retrieving libsystemd0 249.11-0ubuntu3

I: Validating libsystemd0 249.11-0ubuntu3

I: Retrieving libtasn1-6 4.18.0-4build1

I: Validating libtasn1-6 4.18.0-4build1

I: Retrieving libtext-charwidth-perl 0.04-10build3

I: Validating libtext-charwidth-perl 0.04-10build3

I: Retrieving libtext-iconv-perl 1.7-7build3

I: Validating libtext-iconv-perl 1.7-7build3

I: Retrieving libtext-wrapi18n-perl 0.06-9

I: Validating libtext-wrapi18n-perl 0.06-9

I: Retrieving libtinfo6 6.3-2

I: Validating libtinfo6 6.3-2

I: Retrieving libtirpc-common 1.3.2-2build1

I: Validating libtirpc-common 1.3.2-2build1

I: Retrieving libtirpc3 1.3.2-2build1

I: Validating libtirpc3 1.3.2-2build1

I: Retrieving libudev1 249.11-0ubuntu3

I: Validating libudev1 249.11-0ubuntu3

I: Retrieving libunistring2 1.0-1

I: Validating libunistring2 1.0-1

I: Retrieving libuuid1 2.37.2-4ubuntu3

I: Validating libuuid1 2.37.2-4ubuntu3

I: Retrieving libwrap0 7.6.q-31build2

I: Validating libwrap0 7.6.q-31build2

I: Retrieving libxml2 2.9.13+dfsg-1build1

I: Validating libxml2 2.9.13+dfsg-1build1

I: Retrieving libxtables12 1.8.7-1ubuntu5

I: Validating libxtables12 1.8.7-1ubuntu5

I: Retrieving libxxhash0 0.8.1-1

I: Validating libxxhash0 0.8.1-1

I: Retrieving libyaml-0-2 0.2.2-1build2

I: Validating libyaml-0-2 0.2.2-1build2

I: Retrieving libzstd1 1.4.8+dfsg-3build1

I: Validating libzstd1 1.4.8+dfsg-3build1

I: Retrieving locales 2.35-0ubuntu3

I: Validating locales 2.35-0ubuntu3

I: Retrieving login 1:4.8.1-2ubuntu2

I: Validating login 1:4.8.1-2ubuntu2

I: Retrieving logrotate 3.19.0-1ubuntu1

I: Validating logrotate 3.19.0-1ubuntu1

I: Retrieving logsave 1.46.5-2ubuntu1

I: Validating logsave 1.46.5-2ubuntu1

I: Retrieving lsb-base 11.1.0ubuntu4

I: Validating lsb-base 11.1.0ubuntu4

I: Retrieving lsb-release 11.1.0ubuntu4

I: Validating lsb-release 11.1.0ubuntu4

I: Retrieving mawk 1.3.4.20200120-3

I: Validating mawk 1.3.4.20200120-3

I: Retrieving media-types 7.0.0

I: Validating media-types 7.0.0

I: Retrieving mount 2.37.2-4ubuntu3

I: Validating mount 2.37.2-4ubuntu3

I: Retrieving ncurses-base 6.3-2

I: Validating ncurses-base 6.3-2

I: Retrieving ncurses-bin 6.3-2

I: Validating ncurses-bin 6.3-2

I: Retrieving netbase 6.3

I: Validating netbase 6.3

I: Retrieving netcat-openbsd 1.218-4ubuntu1

I: Validating netcat-openbsd 1.218-4ubuntu1

I: Retrieving netplan.io 0.104-0ubuntu2

I: Validating netplan.io 0.104-0ubuntu2

I: Retrieving networkd-dispatcher 2.1-2

I: Validating networkd-dispatcher 2.1-2

I: Retrieving openssh-client 1:8.9p1-3

I: Validating openssh-client 1:8.9p1-3

I: Retrieving openssh-server 1:8.9p1-3

I: Validating openssh-server 1:8.9p1-3

I: Retrieving openssh-sftp-server 1:8.9p1-3

I: Validating openssh-sftp-server 1:8.9p1-3

I: Retrieving openssl 3.0.2-0ubuntu1

I: Validating openssl 3.0.2-0ubuntu1

I: Retrieving passwd 1:4.8.1-2ubuntu2

I: Validating passwd 1:4.8.1-2ubuntu2

I: Retrieving perl-base 5.34.0-3ubuntu1

I: Validating perl-base 5.34.0-3ubuntu1

I: Retrieving procps 2:3.3.17-6ubuntu2

I: Validating procps 2:3.3.17-6ubuntu2

I: Retrieving python-apt-common 2.3.0ubuntu2

I: Validating python-apt-common 2.3.0ubuntu2

I: Retrieving python3 3.10.4-0ubuntu2

I: Validating python3 3.10.4-0ubuntu2

I: Retrieving python3-apt 2.3.0ubuntu2

I: Validating python3-apt 2.3.0ubuntu2

I: Retrieving python3-dbus 1.2.18-3build1

I: Validating python3-dbus 1.2.18-3build1

I: Retrieving python3-gi 3.42.0-3build1

I: Validating python3-gi 3.42.0-3build1

I: Retrieving python3-minimal 3.10.4-0ubuntu2

I: Validating python3-minimal 3.10.4-0ubuntu2

I: Retrieving python3-netifaces 0.11.0-1build2

I: Validating python3-netifaces 0.11.0-1build2

I: Retrieving python3-pkg-resources 59.6.0-1.2

I: Validating python3-pkg-resources 59.6.0-1.2

I: Retrieving python3-yaml 5.4.1-1ubuntu1

I: Validating python3-yaml 5.4.1-1ubuntu1

I: Retrieving python3.10 3.10.4-3

I: Validating python3.10 3.10.4-3

I: Retrieving python3.10-minimal 3.10.4-3

I: Validating python3.10-minimal 3.10.4-3

I: Retrieving readline-common 8.1.2-1

I: Validating readline-common 8.1.2-1

I: Retrieving rsyslog 8.2112.0-2ubuntu2

I: Validating rsyslog 8.2112.0-2ubuntu2

I: Retrieving sed 4.8-1ubuntu2

I: Validating sed 4.8-1ubuntu2

I: Retrieving sensible-utils 0.0.17

I: Validating sensible-utils 0.0.17

I: Retrieving shared-mime-info 2.1-2

I: Validating shared-mime-info 2.1-2

I: Retrieving ssh 1:8.9p1-3

I: Validating ssh 1:8.9p1-3

I: Retrieving sudo 1.9.9-1ubuntu2

I: Validating sudo 1.9.9-1ubuntu2

I: Retrieving systemd 249.11-0ubuntu3

I: Validating systemd 249.11-0ubuntu3

I: Retrieving systemd-sysv 249.11-0ubuntu3

I: Validating systemd-sysv 249.11-0ubuntu3

I: Retrieving systemd-timesyncd 249.11-0ubuntu3

I: Validating systemd-timesyncd 249.11-0ubuntu3

I: Retrieving sysvinit-utils 3.01-1ubuntu1

I: Validating sysvinit-utils 3.01-1ubuntu1

I: Retrieving tar 1.34+dfsg-1build3

I: Validating tar 1.34+dfsg-1build3

I: Retrieving tzdata 2022a-0ubuntu1

I: Validating tzdata 2022a-0ubuntu1

I: Retrieving ubuntu-advantage-tools 27.7~22.04.1

I: Validating ubuntu-advantage-tools 27.7~22.04.1

I: Retrieving ubuntu-keyring 2021.03.26

I: Validating ubuntu-keyring 2021.03.26

I: Retrieving ubuntu-minimal 1.481

I: Validating ubuntu-minimal 1.481

I: Retrieving ucf 3.0043

I: Validating ucf 3.0043

I: Retrieving udev 249.11-0ubuntu3

I: Validating udev 249.11-0ubuntu3

I: Retrieving usrmerge 25ubuntu2

I: Validating usrmerge 25ubuntu2

I: Retrieving util-linux 2.37.2-4ubuntu3

I: Validating util-linux 2.37.2-4ubuntu3

I: Retrieving vim 2:8.2.3995-1ubuntu2

I: Validating vim 2:8.2.3995-1ubuntu2

I: Retrieving vim-common 2:8.2.3995-1ubuntu2

I: Validating vim-common 2:8.2.3995-1ubuntu2

I: Retrieving vim-runtime 2:8.2.3995-1ubuntu2

I: Validating vim-runtime 2:8.2.3995-1ubuntu2

I: Retrieving vim-tiny 2:8.2.3995-1ubuntu2

I: Validating vim-tiny 2:8.2.3995-1ubuntu2

I: Retrieving whiptail 0.52.21-5ubuntu2

I: Validating whiptail 0.52.21-5ubuntu2

I: Retrieving xdg-user-dirs 0.17-2ubuntu4

I: Validating xdg-user-dirs 0.17-2ubuntu4

I: Retrieving xkb-data 2.33-1

I: Validating xkb-data 2.33-1

I: Retrieving xxd 2:8.2.3995-1ubuntu2

I: Validating xxd 2:8.2.3995-1ubuntu2

I: Retrieving zlib1g 1:1.2.11.dfsg-2ubuntu9

I: Validating zlib1g 1:1.2.11.dfsg-2ubuntu9

I: Retrieving apt-transport-https 2.4.5

I: Validating apt-transport-https 2.4.5

I: Chosen extractor for .deb packages: dpkg-deb

I: Extracting base-files...

I: Extracting base-passwd...

I: Extracting bash...

I: Extracting bsdutils...

I: Extracting coreutils...

I: Extracting dash...

I: Extracting debconf...

I: Extracting debianutils...

I: Extracting diffutils...

I: Extracting dpkg...

I: Extracting e2fsprogs...

I: Extracting findutils...

I: Extracting gcc-12-base...

I: Extracting grep...

I: Extracting gzip...

I: Extracting hostname...

I: Extracting init-system-helpers...

I: Extracting libacl1...

I: Extracting libattr1...

I: Extracting libaudit-common...

I: Extracting libaudit1...

I: Extracting libblkid1...

I: Extracting libbz2-1.0...

I: Extracting libc-bin...

I: Extracting libc6...

I: Extracting libcap-ng0...

I: Extracting libcap2...

I: Extracting libcom-err2...

I: Extracting libcrypt1...

I: Extracting libdb5.3...

I: Extracting libdebconfclient0...

I: Extracting libext2fs2...

I: Extracting libgcc-s1...

I: Extracting libgcrypt20...

I: Extracting libgmp10...

I: Extracting libgpg-error0...

I: Extracting libgssapi-krb5-2...

I: Extracting libk5crypto3...

I: Extracting libkeyutils1...

I: Extracting libkrb5-3...

I: Extracting libkrb5support0...

I: Extracting liblz4-1...

I: Extracting liblzma5...

I: Extracting libmount1...

I: Extracting libncurses6...

I: Extracting libncursesw6...

I: Extracting libnsl2...

I: Extracting libpam-modules...

I: Extracting libpam-modules-bin...

I: Extracting libpam-runtime...

I: Extracting libpam0g...

I: Extracting libpcre2-8-0...

I: Extracting libpcre3...

I: Extracting libprocps8...

I: Extracting libselinux1...

I: Extracting libsemanage-common...

I: Extracting libsemanage2...

I: Extracting libsepol2...

I: Extracting libsmartcols1...

I: Extracting libss2...

I: Extracting libssl3...

I: Extracting libsystemd0...

I: Extracting libtinfo6...

I: Extracting libtirpc-common...

I: Extracting libtirpc3...

I: Extracting libudev1...

I: Extracting libuuid1...

I: Extracting libzstd1...

I: Extracting login...

I: Extracting logsave...

I: Extracting lsb-base...

I: Extracting mawk...

I: Extracting mount...

I: Extracting ncurses-base...

I: Extracting ncurses-bin...

I: Extracting passwd...

I: Extracting perl-base...

I: Extracting procps...

I: Extracting sed...

I: Extracting sensible-utils...

I: Extracting sysvinit-utils...

I: Extracting tar...

I: Extracting usrmerge...

I: Extracting util-linux...

I: Extracting zlib1g...

I: Installing core packages...

I: Unpacking required packages...

I: Unpacking base-files...

I: Unpacking base-passwd...

I: Unpacking bash...

I: Unpacking bsdutils...

I: Unpacking coreutils...

I: Unpacking dash...

I: Unpacking debconf...

I: Unpacking debianutils...

I: Unpacking diffutils...

I: Unpacking dpkg...

I: Unpacking e2fsprogs...

I: Unpacking findutils...

I: Unpacking gcc-12-base:amd64...

I: Unpacking grep...

I: Unpacking gzip...

I: Unpacking hostname...

I: Unpacking init-system-helpers...

I: Unpacking libacl1:amd64...

I: Unpacking libattr1:amd64...

I: Unpacking libaudit-common...

I: Unpacking libaudit1:amd64...

I: Unpacking libblkid1:amd64...

I: Unpacking libbz2-1.0:amd64...

I: Unpacking libc-bin...

I: Unpacking libc6:amd64...

I: Unpacking libcap-ng0:amd64...

I: Unpacking libcap2:amd64...

I: Unpacking libcom-err2:amd64...

I: Unpacking libcrypt1:amd64...

I: Unpacking libdb5.3:amd64...

I: Unpacking libdebconfclient0:amd64...

I: Unpacking libext2fs2:amd64...

I: Unpacking libgcc-s1:amd64...

I: Unpacking libgcrypt20:amd64...

I: Unpacking libgmp10:amd64...

I: Unpacking libgpg-error0:amd64...

I: Unpacking libgssapi-krb5-2:amd64...

I: Unpacking libk5crypto3:amd64...

I: Unpacking libkeyutils1:amd64...

I: Unpacking libkrb5-3:amd64...

I: Unpacking libkrb5support0:amd64...

I: Unpacking liblz4-1:amd64...

I: Unpacking liblzma5:amd64...

I: Unpacking libmount1:amd64...

I: Unpacking libncurses6:amd64...

I: Unpacking libncursesw6:amd64...

I: Unpacking libnsl2:amd64...

I: Unpacking libpam-modules:amd64...

I: Unpacking libpam-modules-bin...

I: Unpacking libpam-runtime...

I: Unpacking libpam0g:amd64...

I: Unpacking libpcre2-8-0:amd64...

I: Unpacking libpcre3:amd64...

I: Unpacking libprocps8:amd64...

I: Unpacking libselinux1:amd64...

I: Unpacking libsemanage-common...

I: Unpacking libsemanage2:amd64...

I: Unpacking libsepol2:amd64...

I: Unpacking libsmartcols1:amd64...

I: Unpacking libss2:amd64...

I: Unpacking libssl3:amd64...

I: Unpacking libsystemd0:amd64...

I: Unpacking libtinfo6:amd64...

I: Unpacking libtirpc-common...

I: Unpacking libtirpc3:amd64...

I: Unpacking libudev1:amd64...

I: Unpacking libuuid1:amd64...

I: Unpacking libzstd1:amd64...

I: Unpacking login...

I: Unpacking logsave...

I: Unpacking lsb-base...

I: Unpacking mawk...

I: Unpacking mount...

I: Unpacking ncurses-base...

I: Unpacking ncurses-bin...

I: Unpacking passwd...

I: Unpacking perl-base...

I: Unpacking procps...

I: Unpacking sed...

I: Unpacking sensible-utils...

I: Unpacking sysvinit-utils...

I: Unpacking tar...

I: Unpacking usrmerge...

I: Unpacking util-linux...

I: Unpacking zlib1g:amd64...

I: Configuring required packages...

I: Configuring lsb-base...

I: Configuring libtirpc-common...

I: Configuring libaudit-common...

I: Configuring libsemanage-common...

I: Configuring gcc-12-base:amd64...

I: Configuring ncurses-base...

I: Configuring sensible-utils...

I: Configuring libcrypt1:amd64...

I: Configuring libgcc-s1:amd64...

I: Configuring libc6:amd64...

I: Configuring libudev1:amd64...

I: Configuring libattr1:amd64...

I: Configuring sysvinit-utils...

I: Configuring debianutils...

I: Configuring mawk...

I: Configuring libdebconfclient0:amd64...

I: Configuring base-files...

I: Configuring libbz2-1.0:amd64...

I: Configuring base-passwd...

I: Configuring libdb5.3:amd64...

I: Configuring libblkid1:amd64...

I: Configuring libtinfo6:amd64...

I: Configuring bash...

I: Configuring libzstd1:amd64...

I: Configuring libkeyutils1:amd64...

I: Configuring liblzma5:amd64...

I: Configuring libgpg-error0:amd64...

I: Configuring liblz4-1:amd64...

I: Configuring libc-bin...

I: Configuring ncurses-bin...

I: Configuring libacl1:amd64...

I: Configuring libsmartcols1:amd64...

I: Configuring libgcrypt20:amd64...

I: Configuring zlib1g:amd64...

I: Configuring libcom-err2:amd64...

I: Configuring diffutils...

I: Configuring libcap2:amd64...

I: Configuring libkrb5support0:amd64...

I: Configuring hostname...

I: Configuring libpcre3:amd64...

I: Configuring libcap-ng0:amd64...

I: Configuring libext2fs2:amd64...

I: Configuring libgmp10:amd64...

I: Configuring libncurses6:amd64...

I: Configuring libaudit1:amd64...

I: Configuring libuuid1:amd64...

I: Configuring libss2:amd64...

I: Configuring libsepol2:amd64...

I: Configuring libpcre2-8-0:amd64...

I: Configuring libncursesw6:amd64...

I: Configuring libk5crypto3:amd64...

I: Configuring logsave...

I: Configuring e2fsprogs...

I: Configuring libsystemd0:amd64...

I: Configuring libselinux1:amd64...

I: Configuring sed...

I: Configuring findutils...

I: Configuring libmount1:amd64...

I: Configuring libsemanage2:amd64...

I: Configuring libprocps8:amd64...

I: Configuring bsdutils...

I: Configuring tar...

I: Configuring coreutils...

I: Configuring dpkg...

I: Configuring mount...

I: Configuring grep...

I: Configuring perl-base...

I: Configuring init-system-helpers...

I: Configuring gzip...

I: Configuring usrmerge...

I: Configuring procps...

I: Configuring debconf...

I: Configuring libpam0g:amd64...

I: Configuring util-linux...

I: Configuring dash...

I: Configuring libpam-modules-bin...

I: Configuring libssl3:amd64...

I: Configuring libkrb5-3:amd64...

I: Configuring libgssapi-krb5-2:amd64...

I: Configuring libtirpc3:amd64...

I: Configuring libnsl2:amd64...

I: Configuring libpam-modules:amd64...

I: Configuring passwd...

I: Configuring libpam-runtime...

I: Configuring login...

I: Configuring libc-bin...

I: Unpacking the base system...

I: Unpacking apt...

I: Unpacking apt-utils...

I: Unpacking ca-certificates...

I: Unpacking console-setup...

I: Unpacking console-setup-linux...

I: Unpacking cron...

I: Unpacking dbus...

I: Unpacking debconf-i18n...

I: Unpacking distro-info...

I: Unpacking distro-info-data...

I: Unpacking dmsetup...

I: Unpacking eject...

I: Unpacking gir1.2-glib-2.0:amd64...

I: Unpacking gpgv...

I: Unpacking init...

I: Unpacking iproute2...

I: Unpacking iputils-ping...

I: Unpacking isc-dhcp-client...

I: Unpacking isc-dhcp-common...

I: Unpacking iso-codes...

I: Unpacking kbd...

I: Unpacking keyboard-configuration...

I: Unpacking kmod...

I: Unpacking language-pack-en...

I: Unpacking language-pack-en-base...

I: Unpacking language-pack-ru...

I: Unpacking language-pack-ru-base...

I: Unpacking less...

I: Unpacking libapt-pkg6.0:amd64...

I: Unpacking libatm1:amd64...

I: Unpacking libbpf0:amd64...

I: Unpacking libbsd0:amd64...

I: Unpacking libcap2-bin...

I: Unpacking libcbor0.8:amd64...

I: Unpacking libdbus-1-3:amd64...

I: Unpacking libdns-export1110...

I: Unpacking libedit2:amd64...

I: Unpacking libelf1:amd64...

I: Unpacking libestr0:amd64...

I: Unpacking libfastjson4:amd64...

I: Unpacking libfido2-1:amd64...

I: Unpacking libfribidi0:amd64...

I: Unpacking libgirepository-1.0-1:amd64...

I: Unpacking libglib2.0-0:amd64...

I: Unpacking libglib2.0-data...

I: Unpacking libgpm2:amd64...

I: Unpacking libicu70:amd64...

I: Unpacking libisc-export1105:amd64...

I: Unpacking liblocale-gettext-perl...

I: Unpacking libmd0:amd64...

I: Unpacking libmnl0:amd64...

I: Unpacking libmpdec3:amd64...

I: Unpacking libnetplan0:amd64...

I: Unpacking libnewt0.52:amd64...

I: Unpacking libnss-systemd:amd64...

I: Unpacking libpam-cap:amd64...

I: Unpacking libpam-systemd:amd64...

I: Unpacking libpopt0:amd64...

I: Unpacking libpython3-stdlib:amd64...

I: Unpacking libpython3.10:amd64...

I: Unpacking libpython3.10-stdlib:amd64...

I: Unpacking libreadline8:amd64...

I: Unpacking libslang2:amd64...

I: Unpacking libsodium23:amd64...

I: Unpacking libsqlite3-0:amd64...

I: Unpacking libstdc++6:amd64...

I: Unpacking libtext-charwidth-perl...

I: Unpacking libtext-iconv-perl...

I: Unpacking libtext-wrapi18n-perl...

I: Unpacking libwrap0:amd64...

I: Unpacking libxml2:amd64...

I: Unpacking libxtables12:amd64...

I: Unpacking libxxhash0:amd64...

I: Unpacking libyaml-0-2:amd64...

I: Unpacking locales...

I: Unpacking logrotate...

I: Unpacking lsb-release...

I: Unpacking media-types...

I: Unpacking netbase...

I: Unpacking netcat-openbsd...

I: Unpacking netplan.io...

I: Unpacking networkd-dispatcher...

I: Unpacking openssh-client...

I: Unpacking openssh-server...

I: Unpacking openssh-sftp-server...

I: Unpacking openssl...

I: Unpacking python-apt-common...

I: Unpacking python3...

I: Unpacking python3-apt...

I: Unpacking python3-dbus...

I: Unpacking python3-gi...

I: Unpacking python3-netifaces:amd64...

I: Unpacking python3-pkg-resources...

I: Unpacking python3-yaml...

I: Unpacking python3.10...

I: Unpacking readline-common...

I: Unpacking rsyslog...

I: Unpacking shared-mime-info...

I: Unpacking ssh...

I: Unpacking sudo...

I: Unpacking systemd-timesyncd...

I: Unpacking tzdata...

I: Unpacking ubuntu-advantage-tools...

I: Unpacking ubuntu-keyring...

I: Unpacking ubuntu-minimal...

I: Unpacking ucf...

I: Unpacking udev...

I: Unpacking vim...

I: Unpacking vim-common...

I: Unpacking vim-runtime...

I: Unpacking vim-tiny...

I: Unpacking whiptail...

I: Unpacking xdg-user-dirs...

I: Unpacking xkb-data...

I: Unpacking xxd...

I: Unpacking apt-transport-https...

I: Configuring the base system...

I: Configuring media-types...

I: Configuring libtext-iconv-perl...

I: Configuring libtext-charwidth-perl...

I: Configuring libsodium23:amd64...

I: Configuring libgpm2:amd64...

I: Configuring init...

I: Configuring xdg-user-dirs...

I: Configuring libyaml-0-2:amd64...

I: Configuring libglib2.0-0:amd64...

I: Configuring distro-info-data...

I: Configuring libestr0:amd64...

I: Configuring libfastjson4:amd64...

I: Configuring libcbor0.8:amd64...

I: Configuring libsqlite3-0:amd64...

I: Configuring cron...

I: Configuring less...

I: Configuring libnetplan0:amd64...

I: Configuring libnss-systemd:amd64...

I: Configuring xkb-data...

I: Configuring kmod...

I: Configuring libatm1:amd64...

I: Configuring locales...

I: Configuring ubuntu-keyring...

I: Configuring libtext-wrapi18n-perl...

I: Configuring xxd...

I: Configuring tzdata...

I: Configuring libcap2-bin...

I: Configuring eject...

I: Configuring libisc-export1105:amd64...

I: Configuring libglib2.0-data...

I: Configuring vim-common...

I: Configuring libslang2:amd64...

I: Configuring libwrap0:amd64...

I: Configuring libdbus-1-3:amd64...

I: Configuring dbus...

I: Configuring libfribidi0:amd64...

I: Configuring libmnl0:amd64...

I: Configuring systemd-timesyncd...

I: Configuring udev...

I: Configuring sudo...

I: Configuring ucf...

I: Configuring libxtables12:amd64...

I: Configuring libmd0:amd64...

I: Configuring python-apt-common...

I: Configuring dmsetup...

I: Configuring gpgv...

I: Configuring libxxhash0:amd64...

I: Configuring libpam-systemd:amd64...

I: Configuring libgirepository-1.0-1:amd64...

I: Configuring netbase...

I: Configuring isc-dhcp-common...

I: Configuring vim-runtime...

I: Configuring libfido2-1:amd64...

I: Configuring openssl...

I: Configuring libbsd0:amd64...

I: Configuring libelf1:amd64...

I: Configuring libpam-cap:amd64...

I: Configuring iputils-ping...

I: Configuring readline-common...

I: Configuring iso-codes...

I: Configuring libstdc++6:amd64...

I: Configuring liblocale-gettext-perl...

I: Configuring libpopt0:amd64...

I: Configuring libicu70:amd64...

I: Configuring logrotate...

I: Configuring distro-info...

I: Configuring libnewt0.52:amd64...

I: Configuring libedit2:amd64...

I: Configuring libreadline8:amd64...

I: Configuring rsyslog...

I: Configuring netcat-openbsd...

I: Configuring libdns-export1110...

I: Configuring debconf-i18n...

I: Configuring vim-tiny...

I: Configuring ca-certificates...

I: Configuring libapt-pkg6.0:amd64...

I: Configuring gir1.2-glib-2.0:amd64...

I: Configuring whiptail...

I: Configuring libmpdec3:amd64...

I: Configuring keyboard-configuration...

I: Configuring libbpf0:amd64...

I: Configuring libxml2:amd64...

I: Configuring apt...

I: Configuring apt-utils...

I: Configuring apt-transport-https...

I: Configuring iproute2...

I: Configuring openssh-client...

I: Configuring isc-dhcp-client...

I: Configuring libpython3.10-stdlib:amd64...

I: Configuring shared-mime-info...

I: Configuring libpython3-stdlib:amd64...

I: Configuring openssh-sftp-server...

I: Configuring libpython3.10:amd64...

I: Configuring vim...

I: Configuring python3.10...

I: Configuring openssh-server...

I: Configuring python3...

I: Configuring python3-gi...

I: Configuring python3-netifaces:amd64...

I: Configuring lsb-release...

I: Configuring python3-pkg-resources...

I: Configuring python3-dbus...

I: Configuring ssh...

I: Configuring python3-apt...

I: Configuring python3-yaml...

I: Configuring netplan.io...

I: Configuring ubuntu-advantage-tools...

I: Configuring networkd-dispatcher...

I: Configuring language-pack-en...

I: Configuring language-pack-ru...

I: Configuring language-pack-en-base...

I: Configuring console-setup...

I: Configuring language-pack-ru-base...

I: Configuring kbd...

I: Configuring console-setup-linux...

I: Configuring ubuntu-minimal...

I: Configuring libc-bin...

I: Configuring ca-certificates...

I: Base system installed successfully.

Installing updates

Сущ:1 http://archive.ubuntu.com/ubuntu jammy InRelease

Пол:2 http://security.ubuntu.com/ubuntu jammy-security InRelease [110 kB]

Пол:3 http://archive.ubuntu.com/ubuntu jammy-updates InRelease [119 kB]     

Пол:4 http://archive.ubuntu.com/ubuntu jammy/main Translation-en [510 kB]   

Пол:5 http://security.ubuntu.com/ubuntu jammy-security/main amd64 Packages [574 kB]

Пол:6 http://archive.ubuntu.com/ubuntu jammy/main Translation-ru [344 kB]                              

Пол:7 http://archive.ubuntu.com/ubuntu jammy/restricted amd64 Packages [129 kB]                        

Пол:8 http://archive.ubuntu.com/ubuntu jammy/restricted Translation-ru [896 B]                         

Пол:9 http://archive.ubuntu.com/ubuntu jammy/restricted Translation-en [18,6 kB]

Пол:10 http://security.ubuntu.com/ubuntu jammy-security/main Translation-en [140 kB]                           

Пол:11 http://archive.ubuntu.com/ubuntu jammy/universe Translation-en [5 652 kB]                          

Пол:12 http://security.ubuntu.com/ubuntu jammy-security/restricted amd64 Packages [560 kB]                

Пол:13 http://security.ubuntu.com/ubuntu jammy-security/restricted Translation-en [87,4 kB]                    

Пол:14 http://security.ubuntu.com/ubuntu jammy-security/universe amd64 Packages [751 kB]                               

Пол:15 http://archive.ubuntu.com/ubuntu jammy/universe Translation-ru [1 369 kB]                         

Пол:16 http://archive.ubuntu.com/ubuntu jammy/multiverse amd64 Packages [217 kB]                                       

Пол:17 http://security.ubuntu.com/ubuntu jammy-security/universe Translation-en [134 kB]                   

Пол:18 http://archive.ubuntu.com/ubuntu jammy/multiverse Translation-en [112 kB]                                 

Пол:19 http://archive.ubuntu.com/ubuntu jammy/multiverse Translation-ru [68,5 kB]                                

Пол:20 http://security.ubuntu.com/ubuntu jammy-security/multiverse amd64 Packages [36,5 kB]                       

Пол:21 http://archive.ubuntu.com/ubuntu jammy-updates/main amd64 Packages [799 kB]                          

Пол:22 http://security.ubuntu.com/ubuntu jammy-security/multiverse Translation-en [7 060 B]                

Пол:23 http://archive.ubuntu.com/ubuntu jammy-updates/main Translation-en [202 kB]

Пол:24 http://archive.ubuntu.com/ubuntu jammy-updates/restricted amd64 Packages [580 kB]

Пол:25 http://archive.ubuntu.com/ubuntu jammy-updates/restricted Translation-en [90,8 kB]                                                  

Пол:26 http://archive.ubuntu.com/ubuntu jammy-updates/universe amd64 Packages [945 kB]                                                     

Пол:27 http://archive.ubuntu.com/ubuntu jammy-updates/universe Translation-en [203 kB]                                                     

Пол:28 http://archive.ubuntu.com/ubuntu jammy-updates/multiverse amd64 Packages [41,6 kB]                                                  

Пол:29 http://archive.ubuntu.com/ubuntu jammy-updates/multiverse Translation-en [9 704 B]                                                  

Получено 13,8 MB за 8с (1 673 kB/s)                                                                                                        

Чтение списков пакетов… Готово

Чтение списков пакетов… Готово

Построение дерева зависимостей… Готово

Расчёт обновлений… Готово

Следующие НОВЫЕ пакеты будут установлены:

  systemd-hwe-hwdb

Следующие пакеты будут обновлены:

  apt apt-transport-https apt-utils base-files ca-certificates dbus distro-info-data dpkg e2fsprogs gcc-12-base gpgv gzip isc-dhcp-client

  isc-dhcp-common kbd language-pack-en language-pack-en-base language-pack-ru language-pack-ru-base less libapparmor1 libapt-pkg6.0

  libbpf0 libc-bin libc6 libcap2 libcap2-bin libcom-err2 libcryptsetup12 libdbus-1-3 libexpat1 libext2fs2 libfribidi0 libgcc-s1

  libglib2.0-0 libglib2.0-data libgnutls30 libgssapi-krb5-2 libip4tc2 libjson-c5 libk5crypto3 libkrb5-3 libkrb5support0 libncurses6

  libncursesw6 libnetplan0 libnss-systemd libpam-cap libpam-modules libpam-modules-bin libpam-runtime libpam-systemd libpam0g libpcre2-8-0

  libpcre3 libpython3-stdlib libpython3.10 libpython3.10-minimal libpython3.10-stdlib libsqlite3-0 libss2 libssl3 libstdc++6 libsystemd0

  libtinfo6 libtirpc-common libtirpc3 libudev1 libxml2 libxtables12 locales login logrotate logsave ncurses-base ncurses-bin netplan.io

  networkd-dispatcher openssh-client openssh-server openssh-sftp-server openssl passwd perl-base python-apt-common python3 python3-apt

  python3-gi python3-minimal python3-pkg-resources python3.10 python3.10-minimal rsyslog ssh sudo systemd systemd-sysv systemd-timesyncd

  tar tzdata ubuntu-advantage-tools ubuntu-minimal udev vim vim-common vim-runtime vim-tiny xxd zlib1g

Обновлено 109 пакетов, установлено 1 новых пакетов, для удаления отмечено 0 пакетов, и 0 пакетов не обновлено.

59 standard security updates

Необходимо скачать 58,7 MB архивов.

После данной операции объём занятого дискового пространства уменьшится на 1 001 kB.

Пол:1 http://archive.ubuntu.com/ubuntu jammy-updates/main amd64 gcc-12-base amd64 12.1.0-2ubuntu1~22.04 [19,0 kB]

Пол:2 http://archive.ubuntu.com/ubuntu jammy-updates/main amd64 libgcc-s1 amd64 12.1.0-2ubuntu1~22.04 [54,3 kB]

Пол:3 http://archive.ubuntu.com/ubuntu jammy-updates/main amd64 libstdc++6 amd64 12.1.0-2ubuntu1~22.04 [696 kB]

Пол:4 http://archive.ubuntu.com/ubuntu jammy-updates/main amd64 libc6 amd64 2.35-0ubuntu3.1 [3 235 kB]

Пол:5 http://archive.ubuntu.com/ubuntu jammy-updates/main amd64 base-files amd64 12ubuntu4.3 [62,6 kB]

Пол:6 http://archive.ubuntu.com/ubuntu jammy-updates/main amd64 systemd-timesyncd amd64 249.11-0ubuntu3.9 [31,2 kB]

Пол:7 http://archive.ubuntu.com/ubuntu jammy-updates/main amd64 libsystemd0 amd64 249.11-0ubuntu3.9 [318 kB]

Пол:8 http://archive.ubuntu.com/ubuntu jammy-updates/main amd64 systemd-sysv amd64 249.11-0ubuntu3.9 [10,5 kB]

Пол:9 http://archive.ubuntu.com/ubuntu jammy-updates/main amd64 libnss-systemd amd64 249.11-0ubuntu3.9 [133 kB]

Пол:10 http://archive.ubuntu.com/ubuntu jammy-updates/main amd64 libpam-systemd amd64 249.11-0ubuntu3.9 [203 kB]

Пол:11 http://archive.ubuntu.com/ubuntu jammy-updates/main amd64 systemd amd64 249.11-0ubuntu3.9 [4 581 kB]

Пол:12 http://archive.ubuntu.com/ubuntu jammy-updates/main amd64 udev amd64 249.11-0ubuntu3.9 [1 557 kB]

Пол:13 http://archive.ubuntu.com/ubuntu jammy-updates/main amd64 libudev1 amd64 249.11-0ubuntu3.9 [77,1 kB]

Пол:14 http://archive.ubuntu.com/ubuntu jammy-updates/main amd64 libcap2 amd64 1:2.44-1ubuntu0.22.04.1 [18,3 kB]

Пол:15 http://archive.ubuntu.com/ubuntu jammy-updates/main amd64 libpam0g amd64 1.4.0-11ubuntu2.3 [60,3 kB]

Пол:16 http://archive.ubuntu.com/ubuntu jammy-updates/main amd64 libpam-modules-bin amd64 1.4.0-11ubuntu2.3 [37,6 kB]

Пол:17 http://archive.ubuntu.com/ubuntu jammy-updates/main amd64 libpam-modules amd64 1.4.0-11ubuntu2.3 [280 kB]

Пол:18 http://archive.ubuntu.com/ubuntu jammy-updates/main amd64 libpam-runtime all 1.4.0-11ubuntu2.3 [40,2 kB]

Пол:19 http://archive.ubuntu.com/ubuntu jammy-updates/main amd64 dbus amd64 1.12.20-2ubuntu4.1 [158 kB]

Пол:20 http://archive.ubuntu.com/ubuntu jammy-updates/main amd64 libdbus-1-3 amd64 1.12.20-2ubuntu4.1 [189 kB]

Пол:21 http://archive.ubuntu.com/ubuntu jammy-updates/main amd64 libapparmor1 amd64 3.0.4-2ubuntu2.2 [39,2 kB]

Пол:22 http://archive.ubuntu.com/ubuntu jammy-updates/main amd64 libexpat1 amd64 2.4.7-1ubuntu0.2 [91,0 kB]

Пол:23 http://archive.ubuntu.com/ubuntu jammy-updates/main amd64 libjson-c5 amd64 0.15-3~ubuntu1.22.04.1 [33,5 kB]

Пол:24 http://archive.ubuntu.com/ubuntu jammy-updates/main amd64 libssl3 amd64 3.0.2-0ubuntu1.10 [1 901 kB]

Пол:25 http://archive.ubuntu.com/ubuntu jammy-updates/main amd64 libcryptsetup12 amd64 2:2.4.3-1ubuntu1.1 [211 kB]

Пол:26 http://archive.ubuntu.com/ubuntu jammy-updates/main amd64 libgnutls30 amd64 3.7.3-4ubuntu1.2 [968 kB]

Пол:27 http://archive.ubuntu.com/ubuntu jammy-updates/main amd64 libip4tc2 amd64 1.8.7-1ubuntu5.1 [19,8 kB]

Пол:28 http://archive.ubuntu.com/ubuntu jammy-updates/main amd64 zlib1g amd64 1:1.2.11.dfsg-2ubuntu9.2 [58,4 kB]

Пол:29 http://archive.ubuntu.com/ubuntu jammy-updates/main amd64 libapt-pkg6.0 amd64 2.4.9 [906 kB]

Пол:30 http://archive.ubuntu.com/ubuntu jammy-updates/main amd64 tar amd64 1.34+dfsg-1ubuntu0.1.22.04.1 [295 kB]

Пол:31 http://archive.ubuntu.com/ubuntu jammy-updates/main amd64 dpkg amd64 1.21.1ubuntu2.2 [1 239 kB]

Пол:32 http://archive.ubuntu.com/ubuntu jammy-updates/main amd64 gzip amd64 1.10-4ubuntu4.1 [96,0 kB]

Пол:33 http://archive.ubuntu.com/ubuntu jammy-updates/main amd64 login amd64 1:4.8.1-2ubuntu2.1 [188 kB]

Пол:34 http://archive.ubuntu.com/ubuntu jammy-updates/main amd64 ncurses-bin amd64 6.3-2ubuntu0.1 [184 kB]

Пол:35 http://archive.ubuntu.com/ubuntu jammy-updates/main amd64 perl-base amd64 5.34.0-3ubuntu1.2 [1 759 kB]

Пол:36 http://archive.ubuntu.com/ubuntu jammy-updates/main amd64 libc-bin amd64 2.35-0ubuntu3.1 [706 kB]                                   

Пол:37 http://archive.ubuntu.com/ubuntu jammy-updates/main amd64 ncurses-base all 6.3-2ubuntu0.1 [20,2 kB]                                 

Пол:38 http://archive.ubuntu.com/ubuntu jammy-updates/main amd64 apt amd64 2.4.9 [1 379 kB]                                                

Пол:39 http://archive.ubuntu.com/ubuntu jammy-updates/main amd64 apt-utils amd64 2.4.9 [211 kB]                                            

Пол:40 http://archive.ubuntu.com/ubuntu jammy-updates/main amd64 gpgv amd64 2.2.27-3ubuntu2.1 [137 kB]                                     

Пол:41 http://archive.ubuntu.com/ubuntu jammy-updates/main amd64 logsave amd64 1.46.5-2ubuntu1.1 [9 932 B]                                 

Пол:42 http://archive.ubuntu.com/ubuntu jammy-updates/main amd64 libext2fs2 amd64 1.46.5-2ubuntu1.1 [208 kB]                               

Пол:43 http://archive.ubuntu.com/ubuntu jammy-updates/main amd64 e2fsprogs amd64 1.46.5-2ubuntu1.1 [591 kB]                                

Пол:44 http://archive.ubuntu.com/ubuntu jammy-updates/main amd64 python3.10 amd64 3.10.6-1~22.04.2ubuntu1.1 [497 kB]                       

Пол:45 http://archive.ubuntu.com/ubuntu jammy-updates/main amd64 libpython3.10 amd64 3.10.6-1~22.04.2ubuntu1.1 [1 955 kB]                  

Пол:46 http://archive.ubuntu.com/ubuntu jammy-updates/main amd64 libncurses6 amd64 6.3-2ubuntu0.1 [111 kB]                                 

Пол:47 http://archive.ubuntu.com/ubuntu jammy-updates/main amd64 libncursesw6 amd64 6.3-2ubuntu0.1 [147 kB]                                

Пол:48 http://archive.ubuntu.com/ubuntu jammy-updates/main amd64 libtinfo6 amd64 6.3-2ubuntu0.1 [105 kB]                                   

Пол:49 http://archive.ubuntu.com/ubuntu jammy-updates/main amd64 libsqlite3-0 amd64 3.37.2-2ubuntu0.1 [641 kB]                             

Пол:50 http://archive.ubuntu.com/ubuntu jammy-updates/main amd64 libtirpc-common all 1.3.2-2ubuntu0.1 [7 766 B]                            

Пол:51 http://archive.ubuntu.com/ubuntu jammy-updates/main amd64 libk5crypto3 amd64 1.19.2-2ubuntu0.2 [86,3 kB]                            

Пол:52 http://archive.ubuntu.com/ubuntu jammy-updates/main amd64 libkrb5support0 amd64 1.19.2-2ubuntu0.2 [32,3 kB]                         

Пол:53 http://archive.ubuntu.com/ubuntu jammy-updates/main amd64 libkrb5-3 amd64 1.19.2-2ubuntu0.2 [357 kB]                                

Пол:54 http://archive.ubuntu.com/ubuntu jammy-updates/main amd64 libgssapi-krb5-2 amd64 1.19.2-2ubuntu0.2 [145 kB]                         

Пол:55 http://archive.ubuntu.com/ubuntu jammy-updates/main amd64 libcom-err2 amd64 1.46.5-2ubuntu1.1 [9 158 B]                             

Пол:56 http://archive.ubuntu.com/ubuntu jammy-updates/main amd64 libtirpc3 amd64 1.3.2-2ubuntu0.1 [82,3 kB]                                

Пол:57 http://archive.ubuntu.com/ubuntu jammy-updates/main amd64 libpython3.10-stdlib amd64 3.10.6-1~22.04.2ubuntu1.1 [1 832 kB]           

Пол:58 http://archive.ubuntu.com/ubuntu jammy-updates/main amd64 python3.10-minimal amd64 3.10.6-1~22.04.2ubuntu1.1 [2 262 kB]             

Пол:59 http://archive.ubuntu.com/ubuntu jammy-updates/main amd64 libpython3.10-minimal amd64 3.10.6-1~22.04.2ubuntu1.1 [810 kB]            

Пол:60 http://archive.ubuntu.com/ubuntu jammy-updates/main amd64 python3-minimal amd64 3.10.6-1~22.04 [24,3 kB]                            

Пол:61 http://archive.ubuntu.com/ubuntu jammy-updates/main amd64 python3 amd64 3.10.6-1~22.04 [22,8 kB]                                    

Пол:62 http://archive.ubuntu.com/ubuntu jammy-updates/main amd64 libpython3-stdlib amd64 3.10.6-1~22.04 [6 910 B]                          

Пол:63 http://archive.ubuntu.com/ubuntu jammy-updates/main amd64 locales all 2.35-0ubuntu3.1 [4 249 kB]                                    

Пол:64 http://archive.ubuntu.com/ubuntu jammy-updates/main amd64 language-pack-en all 1:22.04+20230209 [1 904 B]                           

Пол:65 http://archive.ubuntu.com/ubuntu jammy-updates/main amd64 language-pack-en-base all 1:22.04+20230209 [438 kB]                       

Пол:66 http://archive.ubuntu.com/ubuntu jammy-updates/main amd64 language-pack-ru all 1:22.04+20230209 [1 900 B]                           

Пол:67 http://archive.ubuntu.com/ubuntu jammy-updates/main amd64 language-pack-ru-base all 1:22.04+20230209 [2 672 kB]                     

Пол:68 http://archive.ubuntu.com/ubuntu jammy-updates/main amd64 passwd amd64 1:4.8.1-2ubuntu2.1 [768 kB]                                  

Пол:69 http://archive.ubuntu.com/ubuntu jammy-updates/main amd64 openssh-sftp-server amd64 1:8.9p1-3ubuntu0.1 [38,7 kB]                    

Пол:70 http://archive.ubuntu.com/ubuntu jammy-updates/main amd64 openssh-server amd64 1:8.9p1-3ubuntu0.1 [434 kB]                          

Пол:71 http://archive.ubuntu.com/ubuntu jammy-updates/main amd64 openssh-client amd64 1:8.9p1-3ubuntu0.1 [908 kB]                          

Пол:72 http://archive.ubuntu.com/ubuntu jammy-updates/main amd64 ssh all 1:8.9p1-3ubuntu0.1 [4 850 B]                                      

Пол:73 http://archive.ubuntu.com/ubuntu jammy-updates/main amd64 libpcre2-8-0 amd64 10.39-3ubuntu0.1 [221 kB]                              

Пол:74 http://archive.ubuntu.com/ubuntu jammy-updates/main amd64 libpcre3 amd64 2:8.39-13ubuntu0.22.04.1 [246 kB]                          

Пол:75 http://archive.ubuntu.com/ubuntu jammy-updates/main amd64 libss2 amd64 1.46.5-2ubuntu1.1 [12,3 kB]                                  

Пол:76 http://archive.ubuntu.com/ubuntu jammy-updates/main amd64 openssl amd64 3.0.2-0ubuntu1.10 [1 183 kB]                                

Пол:77 http://archive.ubuntu.com/ubuntu jammy-updates/main amd64 ca-certificates all 20230311ubuntu0.22.04.1 [155 kB]                      

Пол:78 http://archive.ubuntu.com/ubuntu jammy-updates/main amd64 distro-info-data all 0.52ubuntu0.4 [4 986 B]                              

Пол:79 http://archive.ubuntu.com/ubuntu jammy-updates/main amd64 isc-dhcp-client amd64 4.4.1-2.3ubuntu2.4 [235 kB]                         

Пол:80 http://archive.ubuntu.com/ubuntu jammy-updates/main amd64 isc-dhcp-common amd64 4.4.1-2.3ubuntu2.4 [45,0 kB]                        

Пол:81 http://archive.ubuntu.com/ubuntu jammy-updates/main amd64 kbd amd64 2.3.0-3ubuntu4.22.04 [245 kB]                                   

Пол:82 http://archive.ubuntu.com/ubuntu jammy-updates/main amd64 less amd64 590-1ubuntu0.22.04.1 [143 kB]                                  

Пол:83 http://archive.ubuntu.com/ubuntu jammy-updates/main amd64 libbpf0 amd64 1:0.5.0-1ubuntu22.04.1 [140 kB]                             

Пол:84 http://archive.ubuntu.com/ubuntu jammy-updates/main amd64 libpam-cap amd64 1:2.44-1ubuntu0.22.04.1 [7 928 B]                        

Пол:85 http://archive.ubuntu.com/ubuntu jammy-updates/main amd64 libcap2-bin amd64 1:2.44-1ubuntu0.22.04.1 [26,0 kB]                       

Пол:86 http://archive.ubuntu.com/ubuntu jammy-updates/main amd64 libfribidi0 amd64 1.0.8-2ubuntu3.1 [26,1 kB]                              

Пол:87 http://archive.ubuntu.com/ubuntu jammy-updates/main amd64 libglib2.0-0 amd64 2.72.4-0ubuntu2.2 [1 463 kB]                           

Пол:88 http://archive.ubuntu.com/ubuntu jammy-updates/main amd64 libglib2.0-data all 2.72.4-0ubuntu2.2 [4 612 B]                           

Пол:89 http://archive.ubuntu.com/ubuntu jammy-updates/main amd64 netplan.io amd64 0.105-0ubuntu2~22.04.3 [92,9 kB]                         

Пол:90 http://archive.ubuntu.com/ubuntu jammy-updates/main amd64 libnetplan0 amd64 0.105-0ubuntu2~22.04.3 [103 kB]                         

Пол:91 http://archive.ubuntu.com/ubuntu jammy-updates/main amd64 libxml2 amd64 2.9.13+dfsg-1ubuntu0.3 [763 kB]                             

Пол:92 http://archive.ubuntu.com/ubuntu jammy-updates/main amd64 libxtables12 amd64 1.8.7-1ubuntu5.1 [31,2 kB]                             

Пол:93 http://archive.ubuntu.com/ubuntu jammy-updates/main amd64 logrotate amd64 3.19.0-1ubuntu1.1 [54,3 kB]                               

Пол:94 http://archive.ubuntu.com/ubuntu jammy-updates/main amd64 python3-gi amd64 3.42.1-0ubuntu1 [229 kB]                                 

Пол:95 http://archive.ubuntu.com/ubuntu jammy-updates/main amd64 networkd-dispatcher all 2.1-2ubuntu0.22.04.2 [15,8 kB]                    

Пол:96 http://archive.ubuntu.com/ubuntu jammy-updates/main amd64 python-apt-common all 2.4.0ubuntu1 [14,3 kB]                              

Пол:97 http://archive.ubuntu.com/ubuntu jammy-updates/main amd64 python3-apt amd64 2.4.0ubuntu1 [164 kB]                                   

Пол:98 http://archive.ubuntu.com/ubuntu jammy-updates/main amd64 python3-pkg-resources all 59.6.0-1.2ubuntu0.22.04.1 [132 kB]              

Пол:99 http://archive.ubuntu.com/ubuntu jammy-updates/main amd64 rsyslog amd64 8.2112.0-2ubuntu2.2 [497 kB]                                

Пол:100 http://archive.ubuntu.com/ubuntu jammy-updates/main amd64 sudo amd64 1.9.9-1ubuntu2.4 [821 kB]                                     

Пол:101 http://archive.ubuntu.com/ubuntu jammy-updates/main amd64 tzdata all 2023c-0ubuntu0.22.04.2 [349 kB]                               

Пол:102 http://archive.ubuntu.com/ubuntu jammy-updates/main amd64 ubuntu-advantage-tools amd64 28.1~22.04 [178 kB]                         

Пол:103 http://archive.ubuntu.com/ubuntu jammy-updates/main amd64 xxd amd64 2:8.2.3995-1ubuntu2.9 [53,8 kB]                                

Пол:104 http://archive.ubuntu.com/ubuntu jammy-updates/main amd64 vim amd64 2:8.2.3995-1ubuntu2.9 [1 732 kB]                               

Пол:105 http://archive.ubuntu.com/ubuntu jammy-updates/main amd64 vim-tiny amd64 2:8.2.3995-1ubuntu2.9 [708 kB]                            

Пол:106 http://archive.ubuntu.com/ubuntu jammy-updates/main amd64 vim-runtime all 2:8.2.3995-1ubuntu2.9 [6 827 kB]                         

Пол:107 http://archive.ubuntu.com/ubuntu jammy-updates/main amd64 vim-common all 2:8.2.3995-1ubuntu2.9 [81,5 kB]                           

Пол:108 http://archive.ubuntu.com/ubuntu jammy-updates/main amd64 ubuntu-minimal amd64 1.481.1 [2 792 B]                                   

Пол:109 http://archive.ubuntu.com/ubuntu jammy-updates/universe amd64 apt-transport-https all 2.4.9 [1 510 B]                              

Пол:110 http://archive.ubuntu.com/ubuntu jammy-updates/main amd64 systemd-hwe-hwdb all 249.11.3 [2 908 B]                                  

Получено 58,7 MB за 15с (3 854 kB/s)                                                                                                       

Извлекаются шаблоны из пакетов: 100%

Предварительная настройка пакетов …

E: Невозможно записать журнал (Смонтирован ли /dev/pts?) - posix_openpt (19: Нет такого устройства)

(Чтение базы данных … на данный момент установлено 16044 файла и каталога.)

Подготовка к распаковке …/gcc-12-base_12.1.0-2ubuntu1~22.04_amd64.deb …

Распаковывается gcc-12-base:amd64 (12.1.0-2ubuntu1~22.04) на замену (12-20220319-1ubuntu1) …

Настраивается пакет gcc-12-base:amd64 (12.1.0-2ubuntu1~22.04) …

(Чтение базы данных … на данный момент установлено 16044 файла и каталога.)

Подготовка к распаковке …/libgcc-s1_12.1.0-2ubuntu1~22.04_amd64.deb …

Распаковывается libgcc-s1:amd64 (12.1.0-2ubuntu1~22.04) на замену (12-20220319-1ubuntu1) …

Настраивается пакет libgcc-s1:amd64 (12.1.0-2ubuntu1~22.04) …

(Чтение базы данных … на данный момент установлено 16044 файла и каталога.)

Подготовка к распаковке …/libstdc++6_12.1.0-2ubuntu1~22.04_amd64.deb …

Распаковывается libstdc++6:amd64 (12.1.0-2ubuntu1~22.04) на замену (12-20220319-1ubuntu1) …

Настраивается пакет libstdc++6:amd64 (12.1.0-2ubuntu1~22.04) …

(Чтение базы данных … на данный момент установлено 16044 файла и каталога.)

Подготовка к распаковке …/libc6_2.35-0ubuntu3.1_amd64.deb …

Распаковывается libc6:amd64 (2.35-0ubuntu3.1) на замену (2.35-0ubuntu3) …

Настраивается пакет libc6:amd64 (2.35-0ubuntu3.1) …

(Чтение базы данных … на данный момент установлено 16044 файла и каталога.)

Подготовка к распаковке …/base-files_12ubuntu4.3_amd64.deb …

Распаковывается base-files (12ubuntu4.3) на замену (12ubuntu4) …

Настраивается пакет base-files (12ubuntu4.3) …

Устанавливается новая версия файла настройки /etc/issue …

Устанавливается новая версия файла настройки /etc/issue.net …

Устанавливается новая версия файла настройки /etc/lsb-release …

(Чтение базы данных … на данный момент установлено 16044 файла и каталога.)

Подготовка к распаковке …/systemd-timesyncd_249.11-0ubuntu3.9_amd64.deb …

Распаковывается systemd-timesyncd (249.11-0ubuntu3.9) на замену (249.11-0ubuntu3) …

Подготовка к распаковке …/libsystemd0_249.11-0ubuntu3.9_amd64.deb …

Распаковывается libsystemd0:amd64 (249.11-0ubuntu3.9) на замену (249.11-0ubuntu3) …

Настраивается пакет libsystemd0:amd64 (249.11-0ubuntu3.9) …

(Чтение базы данных … на данный момент установлено 16044 файла и каталога.)

Подготовка к распаковке …/0-systemd-sysv_249.11-0ubuntu3.9_amd64.deb …

Распаковывается systemd-sysv (249.11-0ubuntu3.9) на замену (249.11-0ubuntu3) …

Подготовка к распаковке …/1-libnss-systemd_249.11-0ubuntu3.9_amd64.deb …

Распаковывается libnss-systemd:amd64 (249.11-0ubuntu3.9) на замену (249.11-0ubuntu3) …

Подготовка к распаковке …/2-libpam-systemd_249.11-0ubuntu3.9_amd64.deb …

Распаковывается libpam-systemd:amd64 (249.11-0ubuntu3.9) на замену (249.11-0ubuntu3) …

Подготовка к распаковке …/3-systemd_249.11-0ubuntu3.9_amd64.deb …

Распаковывается systemd (249.11-0ubuntu3.9) на замену (249.11-0ubuntu3) …

Подготовка к распаковке …/4-udev_249.11-0ubuntu3.9_amd64.deb …

Распаковывается udev (249.11-0ubuntu3.9) на замену (249.11-0ubuntu3) …

Подготовка к распаковке …/5-libudev1_249.11-0ubuntu3.9_amd64.deb …

Распаковывается libudev1:amd64 (249.11-0ubuntu3.9) на замену (249.11-0ubuntu3) …

Настраивается пакет libudev1:amd64 (249.11-0ubuntu3.9) …

(Чтение базы данных … на данный момент установлено 16044 файла и каталога.)

Подготовка к распаковке …/libcap2_1%3a2.44-1ubuntu0.22.04.1_amd64.deb …

Распаковывается libcap2:amd64 (1:2.44-1ubuntu0.22.04.1) на замену (1:2.44-1build3) …

Настраивается пакет libcap2:amd64 (1:2.44-1ubuntu0.22.04.1) …

(Чтение базы данных … на данный момент установлено 16044 файла и каталога.)

Подготовка к распаковке …/libpam0g_1.4.0-11ubuntu2.3_amd64.deb …

Распаковывается libpam0g:amd64 (1.4.0-11ubuntu2.3) на замену (1.4.0-11ubuntu2) …

Настраивается пакет libpam0g:amd64 (1.4.0-11ubuntu2.3) …

(Чтение базы данных … на данный момент установлено 16044 файла и каталога.)

Подготовка к распаковке …/libpam-modules-bin_1.4.0-11ubuntu2.3_amd64.deb …

Распаковывается libpam-modules-bin (1.4.0-11ubuntu2.3) на замену (1.4.0-11ubuntu2) …

Настраивается пакет libpam-modules-bin (1.4.0-11ubuntu2.3) …

(Чтение базы данных … на данный момент установлено 16044 файла и каталога.)

Подготовка к распаковке …/libpam-modules_1.4.0-11ubuntu2.3_amd64.deb …

Распаковывается libpam-modules:amd64 (1.4.0-11ubuntu2.3) на замену (1.4.0-11ubuntu2) …

Настраивается пакет libpam-modules:amd64 (1.4.0-11ubuntu2.3) …

(Чтение базы данных … на данный момент установлено 16044 файла и каталога.)

Подготовка к распаковке …/libpam-runtime_1.4.0-11ubuntu2.3_all.deb …

Распаковывается libpam-runtime (1.4.0-11ubuntu2.3) на замену (1.4.0-11ubuntu2) …

Настраивается пакет libpam-runtime (1.4.0-11ubuntu2.3) …

(Чтение базы данных … на данный момент установлено 16044 файла и каталога.)

Подготовка к распаковке …/0-dbus_1.12.20-2ubuntu4.1_amd64.deb …

Распаковывается dbus (1.12.20-2ubuntu4.1) на замену (1.12.20-2ubuntu4) …

Подготовка к распаковке …/1-libdbus-1-3_1.12.20-2ubuntu4.1_amd64.deb …

Распаковывается libdbus-1-3:amd64 (1.12.20-2ubuntu4.1) на замену (1.12.20-2ubuntu4) …

Подготовка к распаковке …/2-libapparmor1_3.0.4-2ubuntu2.2_amd64.deb …

Распаковывается libapparmor1:amd64 (3.0.4-2ubuntu2.2) на замену (3.0.4-2ubuntu2) …

Подготовка к распаковке …/3-libexpat1_2.4.7-1ubuntu0.2_amd64.deb …

Распаковывается libexpat1:amd64 (2.4.7-1ubuntu0.2) на замену (2.4.7-1) …

Подготовка к распаковке …/4-libjson-c5_0.15-3~ubuntu1.22.04.1_amd64.deb …

Распаковывается libjson-c5:amd64 (0.15-3~ubuntu1.22.04.1) на замену (0.15-2build4) …

Подготовка к распаковке …/5-libssl3_3.0.2-0ubuntu1.10_amd64.deb …

Распаковывается libssl3:amd64 (3.0.2-0ubuntu1.10) на замену (3.0.2-0ubuntu1) …

Настраивается пакет libssl3:amd64 (3.0.2-0ubuntu1.10) …

(Чтение базы данных … на данный момент установлено 16044 файла и каталога.)

Подготовка к распаковке …/libcryptsetup12_2%3a2.4.3-1ubuntu1.1_amd64.deb …

Распаковывается libcryptsetup12:amd64 (2:2.4.3-1ubuntu1.1) на замену (2:2.4.3-1ubuntu1) …

Подготовка к распаковке …/libgnutls30_3.7.3-4ubuntu1.2_amd64.deb …

Распаковывается libgnutls30:amd64 (3.7.3-4ubuntu1.2) на замену (3.7.3-4ubuntu1) …

Настраивается пакет libgnutls30:amd64 (3.7.3-4ubuntu1.2) …

(Чтение базы данных … на данный момент установлено 16044 файла и каталога.)

Подготовка к распаковке …/libip4tc2_1.8.7-1ubuntu5.1_amd64.deb …

Распаковывается libip4tc2:amd64 (1.8.7-1ubuntu5.1) на замену (1.8.7-1ubuntu5) …

Подготовка к распаковке …/zlib1g_1%3a1.2.11.dfsg-2ubuntu9.2_amd64.deb …

Распаковывается zlib1g:amd64 (1:1.2.11.dfsg-2ubuntu9.2) на замену (1:1.2.11.dfsg-2ubuntu9) …

Настраивается пакет zlib1g:amd64 (1:1.2.11.dfsg-2ubuntu9.2) …

(Чтение базы данных … на данный момент установлено 16044 файла и каталога.)

Подготовка к распаковке …/libapt-pkg6.0_2.4.9_amd64.deb …

Распаковывается libapt-pkg6.0:amd64 (2.4.9) на замену (2.4.5) …

Настраивается пакет libapt-pkg6.0:amd64 (2.4.9) …

(Чтение базы данных … на данный момент установлено 16044 файла и каталога.)

Подготовка к распаковке …/tar_1.34+dfsg-1ubuntu0.1.22.04.1_amd64.deb …

Распаковывается tar (1.34+dfsg-1ubuntu0.1.22.04.1) на замену (1.34+dfsg-1build3) …

Настраивается пакет tar (1.34+dfsg-1ubuntu0.1.22.04.1) …

(Чтение базы данных … на данный момент установлено 16044 файла и каталога.)

Подготовка к распаковке …/dpkg_1.21.1ubuntu2.2_amd64.deb …

Распаковывается dpkg (1.21.1ubuntu2.2) на замену (1.21.1ubuntu2) …

Настраивается пакет dpkg (1.21.1ubuntu2.2) …

(Чтение базы данных … на данный момент установлено 16044 файла и каталога.)

Подготовка к распаковке …/gzip_1.10-4ubuntu4.1_amd64.deb …

Распаковывается gzip (1.10-4ubuntu4.1) на замену (1.10-4ubuntu4) …

Настраивается пакет gzip (1.10-4ubuntu4.1) …

(Чтение базы данных … на данный момент установлено 16044 файла и каталога.)

Подготовка к распаковке …/login_1%3a4.8.1-2ubuntu2.1_amd64.deb …

Распаковывается login (1:4.8.1-2ubuntu2.1) на замену (1:4.8.1-2ubuntu2) …

Настраивается пакет login (1:4.8.1-2ubuntu2.1) …

(Чтение базы данных … на данный момент установлено 16044 файла и каталога.)

Подготовка к распаковке …/ncurses-bin_6.3-2ubuntu0.1_amd64.deb …

Распаковывается ncurses-bin (6.3-2ubuntu0.1) на замену (6.3-2) …

Настраивается пакет ncurses-bin (6.3-2ubuntu0.1) …

(Чтение базы данных … на данный момент установлено 16044 файла и каталога.)

Подготовка к распаковке …/perl-base_5.34.0-3ubuntu1.2_amd64.deb …

Распаковывается perl-base (5.34.0-3ubuntu1.2) на замену (5.34.0-3ubuntu1) …

Настраивается пакет perl-base (5.34.0-3ubuntu1.2) …

(Чтение базы данных … на данный момент установлено 16044 файла и каталога.)

Подготовка к распаковке …/libc-bin_2.35-0ubuntu3.1_amd64.deb …

Распаковывается libc-bin (2.35-0ubuntu3.1) на замену (2.35-0ubuntu3) …

Настраивается пакет libc-bin (2.35-0ubuntu3.1) …

(Чтение базы данных … на данный момент установлено 16044 файла и каталога.)

Подготовка к распаковке …/ncurses-base_6.3-2ubuntu0.1_all.deb …

Распаковывается ncurses-base (6.3-2ubuntu0.1) на замену (6.3-2) …

Настраивается пакет ncurses-base (6.3-2ubuntu0.1) …

(Чтение базы данных … на данный момент установлено 16044 файла и каталога.)

Подготовка к распаковке …/archives/apt_2.4.9_amd64.deb …

Распаковывается apt (2.4.9) на замену (2.4.5) …

Настраивается пакет apt (2.4.9) …

(Чтение базы данных … на данный момент установлено 16044 файла и каталога.)

Подготовка к распаковке …/apt-utils_2.4.9_amd64.deb …

Распаковывается apt-utils (2.4.9) на замену (2.4.5) …

Подготовка к распаковке …/gpgv_2.2.27-3ubuntu2.1_amd64.deb …

Распаковывается gpgv (2.2.27-3ubuntu2.1) на замену (2.2.27-3ubuntu2) …

Настраивается пакет gpgv (2.2.27-3ubuntu2.1) …

(Чтение базы данных … на данный момент установлено 16044 файла и каталога.)

Подготовка к распаковке …/logsave_1.46.5-2ubuntu1.1_amd64.deb …

Распаковывается logsave (1.46.5-2ubuntu1.1) на замену (1.46.5-2ubuntu1) …

Подготовка к распаковке …/libext2fs2_1.46.5-2ubuntu1.1_amd64.deb …

Распаковывается libext2fs2:amd64 (1.46.5-2ubuntu1.1) на замену (1.46.5-2ubuntu1) …

Настраивается пакет libext2fs2:amd64 (1.46.5-2ubuntu1.1) …

(Чтение базы данных … на данный момент установлено 16044 файла и каталога.)

Подготовка к распаковке …/0-e2fsprogs_1.46.5-2ubuntu1.1_amd64.deb …

Распаковывается e2fsprogs (1.46.5-2ubuntu1.1) на замену (1.46.5-2ubuntu1) …

Подготовка к распаковке …/1-python3.10_3.10.6-1~22.04.2ubuntu1.1_amd64.deb …

Распаковывается python3.10 (3.10.6-1~22.04.2ubuntu1.1) на замену (3.10.4-3) …

Подготовка к распаковке …/2-libpython3.10_3.10.6-1~22.04.2ubuntu1.1_amd64.deb …

Распаковывается libpython3.10:amd64 (3.10.6-1~22.04.2ubuntu1.1) на замену (3.10.4-3) …

Подготовка к распаковке …/3-libncurses6_6.3-2ubuntu0.1_amd64.deb …

Распаковывается libncurses6:amd64 (6.3-2ubuntu0.1) на замену (6.3-2) …

Подготовка к распаковке …/4-libncursesw6_6.3-2ubuntu0.1_amd64.deb …

Распаковывается libncursesw6:amd64 (6.3-2ubuntu0.1) на замену (6.3-2) …

Подготовка к распаковке …/5-libtinfo6_6.3-2ubuntu0.1_amd64.deb …

Распаковывается libtinfo6:amd64 (6.3-2ubuntu0.1) на замену (6.3-2) …

Настраивается пакет libtinfo6:amd64 (6.3-2ubuntu0.1) …

(Чтение базы данных … на данный момент установлено 16044 файла и каталога.)

Подготовка к распаковке …/libsqlite3-0_3.37.2-2ubuntu0.1_amd64.deb …

Распаковывается libsqlite3-0:amd64 (3.37.2-2ubuntu0.1) на замену (3.37.2-2) …

Подготовка к распаковке …/libtirpc-common_1.3.2-2ubuntu0.1_all.deb …

Распаковывается libtirpc-common (1.3.2-2ubuntu0.1) на замену (1.3.2-2build1) …

Настраивается пакет libtirpc-common (1.3.2-2ubuntu0.1) …

(Чтение базы данных … на данный момент установлено 16044 файла и каталога.)

Подготовка к распаковке …/libk5crypto3_1.19.2-2ubuntu0.2_amd64.deb …

Распаковывается libk5crypto3:amd64 (1.19.2-2ubuntu0.2) на замену (1.19.2-2) …

Настраивается пакет libk5crypto3:amd64 (1.19.2-2ubuntu0.2) …

(Чтение базы данных … на данный момент установлено 16044 файла и каталога.)

Подготовка к распаковке …/libkrb5support0_1.19.2-2ubuntu0.2_amd64.deb …

Распаковывается libkrb5support0:amd64 (1.19.2-2ubuntu0.2) на замену (1.19.2-2) …

Настраивается пакет libkrb5support0:amd64 (1.19.2-2ubuntu0.2) …

(Чтение базы данных … на данный момент установлено 16044 файла и каталога.)

Подготовка к распаковке …/libkrb5-3_1.19.2-2ubuntu0.2_amd64.deb …

Распаковывается libkrb5-3:amd64 (1.19.2-2ubuntu0.2) на замену (1.19.2-2) …

Настраивается пакет libkrb5-3:amd64 (1.19.2-2ubuntu0.2) …

(Чтение базы данных … на данный момент установлено 16044 файла и каталога.)

Подготовка к распаковке …/libgssapi-krb5-2_1.19.2-2ubuntu0.2_amd64.deb …

Распаковывается libgssapi-krb5-2:amd64 (1.19.2-2ubuntu0.2) на замену (1.19.2-2) …

Настраивается пакет libgssapi-krb5-2:amd64 (1.19.2-2ubuntu0.2) …

(Чтение базы данных … на данный момент установлено 16044 файла и каталога.)

Подготовка к распаковке …/libcom-err2_1.46.5-2ubuntu1.1_amd64.deb …

Распаковывается libcom-err2:amd64 (1.46.5-2ubuntu1.1) на замену (1.46.5-2ubuntu1) …

Настраивается пакет libcom-err2:amd64 (1.46.5-2ubuntu1.1) …

(Чтение базы данных … на данный момент установлено 16044 файла и каталога.)

Подготовка к распаковке …/libtirpc3_1.3.2-2ubuntu0.1_amd64.deb …

Распаковывается libtirpc3:amd64 (1.3.2-2ubuntu0.1) на замену (1.3.2-2build1) …

Настраивается пакет libtirpc3:amd64 (1.3.2-2ubuntu0.1) …

(Чтение базы данных … на данный момент установлено 16044 файла и каталога.)

Подготовка к распаковке …/libpython3.10-stdlib_3.10.6-1~22.04.2ubuntu1.1_amd64.deb …

Распаковывается libpython3.10-stdlib:amd64 (3.10.6-1~22.04.2ubuntu1.1) на замену (3.10.4-3) …

Подготовка к распаковке …/python3.10-minimal_3.10.6-1~22.04.2ubuntu1.1_amd64.deb …

Распаковывается python3.10-minimal (3.10.6-1~22.04.2ubuntu1.1) на замену (3.10.4-3) …

Подготовка к распаковке …/libpython3.10-minimal_3.10.6-1~22.04.2ubuntu1.1_amd64.deb …

Распаковывается libpython3.10-minimal:amd64 (3.10.6-1~22.04.2ubuntu1.1) на замену (3.10.4-3) …

Настраивается пакет libpython3.10-minimal:amd64 (3.10.6-1~22.04.2ubuntu1.1) …

Настраивается пакет libexpat1:amd64 (2.4.7-1ubuntu0.2) …

Настраивается пакет python3.10-minimal (3.10.6-1~22.04.2ubuntu1.1) …

(Чтение базы данных … на данный момент установлено 16044 файла и каталога.)

Подготовка к распаковке …/python3-minimal_3.10.6-1~22.04_amd64.deb …

Распаковывается python3-minimal (3.10.6-1~22.04) на замену (3.10.4-0ubuntu2) …

Настраивается пакет python3-minimal (3.10.6-1~22.04) …

(Чтение базы данных … на данный момент установлено 16044 файла и каталога.)

Подготовка к распаковке …/0-python3_3.10.6-1~22.04_amd64.deb …

running python pre-rtupdate hooks for python3.10...

Распаковывается python3 (3.10.6-1~22.04) на замену (3.10.4-0ubuntu2) …

Подготовка к распаковке …/1-libpython3-stdlib_3.10.6-1~22.04_amd64.deb …

Распаковывается libpython3-stdlib:amd64 (3.10.6-1~22.04) на замену (3.10.4-0ubuntu2) …

Подготовка к распаковке …/2-locales_2.35-0ubuntu3.1_all.deb …

Распаковывается locales (2.35-0ubuntu3.1) на замену (2.35-0ubuntu3) …

Подготовка к распаковке …/3-language-pack-en_1%3a22.04+20230209_all.deb …

Распаковывается language-pack-en (1:22.04+20230209) на замену (1:22.04+20220415) …

Подготовка к распаковке …/4-language-pack-en-base_1%3a22.04+20230209_all.deb …

Распаковывается language-pack-en-base (1:22.04+20230209) на замену (1:22.04+20220415) …

Подготовка к распаковке …/5-language-pack-ru_1%3a22.04+20230209_all.deb …

Распаковывается language-pack-ru (1:22.04+20230209) на замену (1:22.04+20220415) …

Подготовка к распаковке …/6-language-pack-ru-base_1%3a22.04+20230209_all.deb …

Распаковывается language-pack-ru-base (1:22.04+20230209) на замену (1:22.04+20220415) …

Подготовка к распаковке …/7-passwd_1%3a4.8.1-2ubuntu2.1_amd64.deb …

Распаковывается passwd (1:4.8.1-2ubuntu2.1) на замену (1:4.8.1-2ubuntu2) …

Настраивается пакет passwd (1:4.8.1-2ubuntu2.1) …

(Чтение базы данных … на данный момент установлено 16073 файла и каталога.)

Подготовка к распаковке …/openssh-sftp-server_1%3a8.9p1-3ubuntu0.1_amd64.deb …

Распаковывается openssh-sftp-server (1:8.9p1-3ubuntu0.1) на замену (1:8.9p1-3) …

Подготовка к распаковке …/openssh-server_1%3a8.9p1-3ubuntu0.1_amd64.deb …

Распаковывается openssh-server (1:8.9p1-3ubuntu0.1) на замену (1:8.9p1-3) …

Подготовка к распаковке …/openssh-client_1%3a8.9p1-3ubuntu0.1_amd64.deb …

Распаковывается openssh-client (1:8.9p1-3ubuntu0.1) на замену (1:8.9p1-3) …

Подготовка к распаковке …/ssh_1%3a8.9p1-3ubuntu0.1_all.deb …

Распаковывается ssh (1:8.9p1-3ubuntu0.1) на замену (1:8.9p1-3) …

Подготовка к распаковке …/libpcre2-8-0_10.39-3ubuntu0.1_amd64.deb …

Распаковывается libpcre2-8-0:amd64 (10.39-3ubuntu0.1) на замену (10.39-3build1) …

Настраивается пакет libpcre2-8-0:amd64 (10.39-3ubuntu0.1) …

(Чтение базы данных … на данный момент установлено 16073 файла и каталога.)

Подготовка к распаковке …/libpcre3_2%3a8.39-13ubuntu0.22.04.1_amd64.deb …

Распаковывается libpcre3:amd64 (2:8.39-13ubuntu0.22.04.1) на замену (2:8.39-13build5) …

Настраивается пакет libpcre3:amd64 (2:8.39-13ubuntu0.22.04.1) …

(Чтение базы данных … на данный момент установлено 16073 файла и каталога.)

Подготовка к распаковке …/00-libss2_1.46.5-2ubuntu1.1_amd64.deb …

Распаковывается libss2:amd64 (1.46.5-2ubuntu1.1) на замену (1.46.5-2ubuntu1) …

Подготовка к распаковке …/01-openssl_3.0.2-0ubuntu1.10_amd64.deb …

Распаковывается openssl (3.0.2-0ubuntu1.10) на замену (3.0.2-0ubuntu1) …

Подготовка к распаковке …/02-ca-certificates_20230311ubuntu0.22.04.1_all.deb …

Распаковывается ca-certificates (20230311ubuntu0.22.04.1) на замену (20211016) …

Подготовка к распаковке …/03-distro-info-data_0.52ubuntu0.4_all.deb …

Распаковывается distro-info-data (0.52ubuntu0.4) на замену (0.52) …

Подготовка к распаковке …/04-isc-dhcp-client_4.4.1-2.3ubuntu2.4_amd64.deb …

Распаковывается isc-dhcp-client (4.4.1-2.3ubuntu2.4) на замену (4.4.1-2.3ubuntu2) …

Подготовка к распаковке …/05-isc-dhcp-common_4.4.1-2.3ubuntu2.4_amd64.deb …

Распаковывается isc-dhcp-common (4.4.1-2.3ubuntu2.4) на замену (4.4.1-2.3ubuntu2) …

Подготовка к распаковке …/06-kbd_2.3.0-3ubuntu4.22.04_amd64.deb …

Распаковывается kbd (2.3.0-3ubuntu4.22.04) на замену (2.3.0-3ubuntu4) …

Подготовка к распаковке …/07-less_590-1ubuntu0.22.04.1_amd64.deb …

Распаковывается less (590-1ubuntu0.22.04.1) на замену (590-1build1) …

Подготовка к распаковке …/08-libbpf0_1%3a0.5.0-1ubuntu22.04.1_amd64.deb …

Распаковывается libbpf0:amd64 (1:0.5.0-1ubuntu22.04.1) на замену (1:0.5.0-1) …

Подготовка к распаковке …/09-libpam-cap_1%3a2.44-1ubuntu0.22.04.1_amd64.deb …

Распаковывается libpam-cap:amd64 (1:2.44-1ubuntu0.22.04.1) на замену (1:2.44-1build3) …

Подготовка к распаковке …/10-libcap2-bin_1%3a2.44-1ubuntu0.22.04.1_amd64.deb …

Распаковывается libcap2-bin (1:2.44-1ubuntu0.22.04.1) на замену (1:2.44-1build3) …

Подготовка к распаковке …/11-libfribidi0_1.0.8-2ubuntu3.1_amd64.deb …

Распаковывается libfribidi0:amd64 (1.0.8-2ubuntu3.1) на замену (1.0.8-2ubuntu3) …

Подготовка к распаковке …/12-libglib2.0-0_2.72.4-0ubuntu2.2_amd64.deb …

Распаковывается libglib2.0-0:amd64 (2.72.4-0ubuntu2.2) на замену (2.72.1-1) …

Подготовка к распаковке …/13-libglib2.0-data_2.72.4-0ubuntu2.2_all.deb …

Распаковывается libglib2.0-data (2.72.4-0ubuntu2.2) на замену (2.72.1-1) …

Подготовка к распаковке …/14-netplan.io_0.105-0ubuntu2~22.04.3_amd64.deb …

Распаковывается netplan.io (0.105-0ubuntu2~22.04.3) на замену (0.104-0ubuntu2) …

Подготовка к распаковке …/15-libnetplan0_0.105-0ubuntu2~22.04.3_amd64.deb …

Распаковывается libnetplan0:amd64 (0.105-0ubuntu2~22.04.3) на замену (0.104-0ubuntu2) …

Подготовка к распаковке …/16-libxml2_2.9.13+dfsg-1ubuntu0.3_amd64.deb …

Распаковывается libxml2:amd64 (2.9.13+dfsg-1ubuntu0.3) на замену (2.9.13+dfsg-1build1) …

Подготовка к распаковке …/17-libxtables12_1.8.7-1ubuntu5.1_amd64.deb …

Распаковывается libxtables12:amd64 (1.8.7-1ubuntu5.1) на замену (1.8.7-1ubuntu5) …

Подготовка к распаковке …/18-logrotate_3.19.0-1ubuntu1.1_amd64.deb …

Распаковывается logrotate (3.19.0-1ubuntu1.1) на замену (3.19.0-1ubuntu1) …

Подготовка к распаковке …/19-python3-gi_3.42.1-0ubuntu1_amd64.deb …

Распаковывается python3-gi (3.42.1-0ubuntu1) на замену (3.42.0-3build1) …

Подготовка к распаковке …/20-networkd-dispatcher_2.1-2ubuntu0.22.04.2_all.deb …

Распаковывается networkd-dispatcher (2.1-2ubuntu0.22.04.2) на замену (2.1-2) …

Подготовка к распаковке …/21-python-apt-common_2.4.0ubuntu1_all.deb …

Распаковывается python-apt-common (2.4.0ubuntu1) на замену (2.3.0ubuntu2) …

Подготовка к распаковке …/22-python3-apt_2.4.0ubuntu1_amd64.deb …

Распаковывается python3-apt (2.4.0ubuntu1) на замену (2.3.0ubuntu2) …

Подготовка к распаковке …/23-python3-pkg-resources_59.6.0-1.2ubuntu0.22.04.1_all.deb …

Распаковывается python3-pkg-resources (59.6.0-1.2ubuntu0.22.04.1) на замену (59.6.0-1.2) …

Подготовка к распаковке …/24-rsyslog_8.2112.0-2ubuntu2.2_amd64.deb …

Распаковывается rsyslog (8.2112.0-2ubuntu2.2) на замену (8.2112.0-2ubuntu2) …

Подготовка к распаковке …/25-sudo_1.9.9-1ubuntu2.4_amd64.deb …

Распаковывается sudo (1.9.9-1ubuntu2.4) на замену (1.9.9-1ubuntu2) …

Подготовка к распаковке …/26-tzdata_2023c-0ubuntu0.22.04.2_all.deb …

Распаковывается tzdata (2023c-0ubuntu0.22.04.2) на замену (2022a-0ubuntu1) …

Подготовка к распаковке …/27-ubuntu-advantage-tools_28.1~22.04_amd64.deb …

Распаковывается ubuntu-advantage-tools (28.1~22.04) на замену (27.7~22.04.1) …

Подготовка к распаковке …/28-xxd_2%3a8.2.3995-1ubuntu2.9_amd64.deb …

Распаковывается xxd (2:8.2.3995-1ubuntu2.9) на замену (2:8.2.3995-1ubuntu2) …

Подготовка к распаковке …/29-vim_2%3a8.2.3995-1ubuntu2.9_amd64.deb …

Распаковывается vim (2:8.2.3995-1ubuntu2.9) на замену (2:8.2.3995-1ubuntu2) …

Подготовка к распаковке …/30-vim-tiny_2%3a8.2.3995-1ubuntu2.9_amd64.deb …

Распаковывается vim-tiny (2:8.2.3995-1ubuntu2.9) на замену (2:8.2.3995-1ubuntu2) …

Подготовка к распаковке …/31-vim-runtime_2%3a8.2.3995-1ubuntu2.9_all.deb …

Распаковывается vim-runtime (2:8.2.3995-1ubuntu2.9) на замену (2:8.2.3995-1ubuntu2) …

Подготовка к распаковке …/32-vim-common_2%3a8.2.3995-1ubuntu2.9_all.deb …

Распаковывается vim-common (2:8.2.3995-1ubuntu2.9) на замену (2:8.2.3995-1ubuntu2) …

Подготовка к распаковке …/33-ubuntu-minimal_1.481.1_amd64.deb …

Распаковывается ubuntu-minimal (1.481.1) на замену (1.481) …

Подготовка к распаковке …/34-apt-transport-https_2.4.9_all.deb …

Распаковывается apt-transport-https (2.4.9) на замену (2.4.5) …

Выбор ранее не выбранного пакета systemd-hwe-hwdb.

Подготовка к распаковке …/35-systemd-hwe-hwdb_249.11.3_all.deb …

Распаковывается systemd-hwe-hwdb (249.11.3) …

Настраивается пакет libip4tc2:amd64 (1.8.7-1ubuntu5.1) …

Настраивается пакет logrotate (3.19.0-1ubuntu1.1) …

Настраивается пакет libapparmor1:amd64 (3.0.4-2ubuntu2.2) …

Настраивается пакет apt-utils (2.4.9) …

Настраивается пакет apt-transport-https (2.4.9) …

Настраивается пакет libglib2.0-0:amd64 (2.72.4-0ubuntu2.2) …

No schema files found: doing nothing.

Настраивается пакет distro-info-data (0.52ubuntu0.4) …

Настраивается пакет openssh-client (1:8.9p1-3ubuntu0.1) …

Настраивается пакет libsqlite3-0:amd64 (3.37.2-2ubuntu0.1) …

Настраивается пакет rsyslog (8.2112.0-2ubuntu2.2) …

Пользователь «syslog» уже является членом группы «adm».

Настраивается пакет less (590-1ubuntu0.22.04.1) …

Настраивается пакет isc-dhcp-client (4.4.1-2.3ubuntu2.4) …

Устанавливается новая версия файла настройки /etc/apparmor.d/sbin.dhclient …

Настраивается пакет libnetplan0:amd64 (0.105-0ubuntu2~22.04.3) …

Настраивается пакет locales (2.35-0ubuntu3.1) …

Generating locales (this might take a while)...

  en_AG.UTF-8... done

  en_AU.UTF-8... done

  en_BW.UTF-8... done

  en_CA.UTF-8... done

  en_DK.UTF-8... done

  en_GB.UTF-8... done

  en_HK.UTF-8... done

  en_IE.UTF-8... done

  en_IL.UTF-8... done

  en_IN.UTF-8... done

  en_NG.UTF-8... done

  en_NZ.UTF-8... done

  en_PH.UTF-8... done

  en_SG.UTF-8... done

  en_US.UTF-8... done

  en_ZA.UTF-8... done

  en_ZM.UTF-8... done

  en_ZW.UTF-8... done

  ru_RU.UTF-8... done

  ru_UA.UTF-8... done

Generation complete.

Настраивается пакет xxd (2:8.2.3995-1ubuntu2.9) …

Настраивается пакет tzdata (2023c-0ubuntu0.22.04.2) …



Current default time zone: 'Etc/UTC'

Local time is now:      Thu Jul 20 09:42:58 UTC 2023.

Universal Time is now:  Thu Jul 20 09:42:58 UTC 2023.

Run 'dpkg-reconfigure tzdata' if you wish to change it.



Настраивается пакет libcap2-bin (1:2.44-1ubuntu0.22.04.1) …

Настраивается пакет libglib2.0-data (2.72.4-0ubuntu2.2) …

Настраивается пакет vim-common (2:8.2.3995-1ubuntu2.9) …

Настраивается пакет libncurses6:amd64 (6.3-2ubuntu0.1) …

Настраивается пакет libdbus-1-3:amd64 (1.12.20-2ubuntu4.1) …

Настраивается пакет dbus (1.12.20-2ubuntu4.1) …

Настраивается пакет libfribidi0:amd64 (1.0.8-2ubuntu3.1) …

Настраивается пакет udev (249.11-0ubuntu3.9) …

A chroot environment has been detected, udev not started.

Настраивается пакет libss2:amd64 (1.46.5-2ubuntu1.1) …

Настраивается пакет sudo (1.9.9-1ubuntu2.4) …

Настраивается пакет libncursesw6:amd64 (6.3-2ubuntu0.1) …

Настраивается пакет libxtables12:amd64 (1.8.7-1ubuntu5.1) …

Настраивается пакет logsave (1.46.5-2ubuntu1.1) …

Настраивается пакет systemd-hwe-hwdb (249.11.3) …

Настраивается пакет python-apt-common (2.4.0ubuntu1) …

Настраивается пакет kbd (2.3.0-3ubuntu4.22.04) …

Настраивается пакет isc-dhcp-common (4.4.1-2.3ubuntu2.4) …

Настраивается пакет vim-runtime (2:8.2.3995-1ubuntu2.9) …

Настраивается пакет libbpf0:amd64 (1:0.5.0-1ubuntu22.04.1) …

Настраивается пакет openssl (3.0.2-0ubuntu1.10) …

Устанавливается новая версия файла настройки /etc/ssl/openssl.cnf …

Настраивается пакет libpam-cap:amd64 (1:2.44-1ubuntu0.22.04.1) …

Настраивается пакет libjson-c5:amd64 (0.15-3~ubuntu1.22.04.1) …

Настраивается пакет libxml2:amd64 (2.9.13+dfsg-1ubuntu0.3) …

Настраивается пакет openssh-sftp-server (1:8.9p1-3ubuntu0.1) …

Настраивается пакет openssh-server (1:8.9p1-3ubuntu0.1) …

Running in chroot, ignoring request.

invoke-rc.d: policy-rc.d denied execution of restart.

Настраивается пакет e2fsprogs (1.46.5-2ubuntu1.1) …

Настраивается пакет vim-tiny (2:8.2.3995-1ubuntu2.9) …

Настраивается пакет libpython3.10-stdlib:amd64 (3.10.6-1~22.04.2ubuntu1.1) …

Настраивается пакет ca-certificates (20230311ubuntu0.22.04.1) …

Updating certificates in /etc/ssl/certs...

rehash: warning: skipping ca-certificates.crt,it does not contain exactly one certificate or CRL

19 added, 9 removed; done.

Настраивается пакет libcryptsetup12:amd64 (2:2.4.3-1ubuntu1.1) …

Настраивается пакет libpython3-stdlib:amd64 (3.10.6-1~22.04) …

Настраивается пакет libpython3.10:amd64 (3.10.6-1~22.04.2ubuntu1.1) …

Настраивается пакет vim (2:8.2.3995-1ubuntu2.9) …

Настраивается пакет python3.10 (3.10.6-1~22.04.2ubuntu1.1) …

Настраивается пакет ssh (1:8.9p1-3ubuntu0.1) …

Настраивается пакет python3 (3.10.6-1~22.04) …

running python rtupdate hooks for python3.10...

running python post-rtupdate hooks for python3.10...

Настраивается пакет systemd (249.11-0ubuntu3.9) …

Настраивается пакет netplan.io (0.105-0ubuntu2~22.04.3) …

Настраивается пакет python3-gi (3.42.1-0ubuntu1) …

Настраивается пакет systemd-timesyncd (249.11-0ubuntu3.9) …

Настраивается пакет python3-pkg-resources (59.6.0-1.2ubuntu0.22.04.1) …

Настраивается пакет networkd-dispatcher (2.1-2ubuntu0.22.04.2) …

Настраивается пакет systemd-sysv (249.11-0ubuntu3.9) …

Настраивается пакет python3-apt (2.4.0ubuntu1) …

Настраивается пакет libnss-systemd:amd64 (249.11-0ubuntu3.9) …

Настраивается пакет libpam-systemd:amd64 (249.11-0ubuntu3.9) …

Настраивается пакет ubuntu-advantage-tools (28.1~22.04) …

Устанавливается новая версия файла настройки /etc/apt/apt.conf.d/20apt-esm-hook.conf …

Устанавливается новая версия файла настройки /etc/ubuntu-advantage/help_data.yaml …

Устанавливается новая версия файла настройки /etc/ubuntu-advantage/uaclient.conf …

Устанавливается новая версия файла настройки /etc/update-motd.d/91-contract-ua-esm-status …

Created symlink /etc/systemd/system/multi-user.target.wants/ubuntu-advantage.service → /lib/systemd/system/ubuntu-advantage.service.

Removing obsolete conffile /etc/update-motd.d/88-esm-announce ...

Настраивается пакет ubuntu-minimal (1.481.1) …

Настраивается пакет language-pack-ru (1:22.04+20230209) …

Настраивается пакет language-pack-en (1:22.04+20230209) …

Настраивается пакет language-pack-ru-base (1:22.04+20230209) …

Generating locales (this might take a while)...

Generation complete.

Настраивается пакет language-pack-en-base (1:22.04+20230209) …

Generating locales (this might take a while)...

Generation complete.

Обрабатываются триггеры для libc-bin (2.35-0ubuntu3.1) …

Обрабатываются триггеры для ca-certificates (20230311ubuntu0.22.04.1) …

Updating certificates in /etc/ssl/certs...

0 added, 0 removed; done.

Running hooks in /etc/ca-certificates/update.d...

done.

Download complete

Copy /var/cache/lxc/jammy/rootfs-amd64 to /var/lib/lxc/test123/rootfs ... 

Copying rootfs to /var/lib/lxc/test123/rootfs ...

Generating locales (this might take a while)...

  ru_RU.UTF-8... done

Generation complete.

Creating SSH2 RSA key; this may take some time ...

3072 SHA256:quetdiQWQkRKHgt4gigvwuwUpUZWmjIF/XdcYB2nS0Y root@glova-linux (RSA)

Creating SSH2 ECDSA key; this may take some time ...

256 SHA256:28Xnkh3q19omSVIVOL43SjnpD+0ULfV/5aIQPUFnfLo root@glova-linux (ECDSA)

Creating SSH2 ED25519 key; this may take some time ...

256 SHA256:OMeS53+o2Y7k0qK4CUdAg0PZIzaQviVnYCS6saUCYOQ root@glova-linux (ED25519)

invoke-rc.d: could not determine current runlevel

invoke-rc.d: policy-rc.d denied execution of start.



Current default time zone: 'Etc/UTC'

Local time is now:      Thu Jul 20 09:44:49 UTC 2023.

Universal Time is now:  Thu Jul 20 09:44:49 UTC 2023.





##

# The default user is 'ubuntu' with password 'ubuntu'!

# Use the 'sudo' command to run tasks as root in the container.

##



root@glova-linux:/home/glova# lxc-start -n test123

